ARM Linker, 4.1 [Build 481] [Standard]

==============================================================================

Section Cross References

    hw_config.o(i.Enter_LowPowerMode) refers to stm32f10x_exti.o(i.EXTI_ClearITPendingBit) for EXTI_ClearITPendingBit
    hw_config.o(i.Enter_LowPowerMode) refers to stm32f10x_pwr.o(i.PWR_EnterSTOPMode) for PWR_EnterSTOPMode
    hw_config.o(i.Enter_LowPowerMode) refers to usb_pwr.o(.data) for bDeviceState
    hw_config.o(i.GPIO_AINConfig) refers to stm32f10x_rcc.o(i.RCC_APB2PeriphClockCmd) for RCC_APB2PeriphClockCmd
    hw_config.o(i.GPIO_AINConfig) refers to stm32f10x_gpio.o(i.GPIO_Init) for GPIO_Init
    hw_config.o(i.Get_SerialNum) refers to usb_desc.o(.data) for Joystick_StringSerial
    hw_config.o(i.JoyState) refers to main.o(i.GetVolt) for GetVolt
    hw_config.o(i.JoyState) refers to main.o(.bss) for After_filter
    hw_config.o(i.Joystick_Send) refers to usb_regs.o(i.GetEPTxAddr) for GetEPTxAddr
    hw_config.o(i.Joystick_Send) refers to usb_mem.o(i.UserToPMABufferCopy) for UserToPMABufferCopy
    hw_config.o(i.Joystick_Send) refers to usb_regs.o(i.SetEPTxValid) for SetEPTxValid
    hw_config.o(i.Leave_LowPowerMode) refers to stm32f10x_rcc.o(i.RCC_HSEConfig) for RCC_HSEConfig
    hw_config.o(i.Leave_LowPowerMode) refers to stm32f10x_rcc.o(i.RCC_WaitForHSEStartUp) for RCC_WaitForHSEStartUp
    hw_config.o(i.Leave_LowPowerMode) refers to stm32f10x_rcc.o(i.RCC_GetFlagStatus) for RCC_GetFlagStatus
    hw_config.o(i.Leave_LowPowerMode) refers to stm32f10x_rcc.o(i.RCC_PLLCmd) for RCC_PLLCmd
    hw_config.o(i.Leave_LowPowerMode) refers to stm32f10x_rcc.o(i.RCC_SYSCLKConfig) for RCC_SYSCLKConfig
    hw_config.o(i.Leave_LowPowerMode) refers to stm32f10x_rcc.o(i.RCC_GetSYSCLKSource) for RCC_GetSYSCLKSource
    hw_config.o(i.Leave_LowPowerMode) refers to usb_init.o(.bss) for Device_Info
    hw_config.o(i.Leave_LowPowerMode) refers to hw_config.o(.data) for .data
    hw_config.o(i.Leave_LowPowerMode) refers to usb_pwr.o(.data) for bDeviceState
    hw_config.o(i.Set_System) refers to stm32f10x_rcc.o(i.RCC_DeInit) for RCC_DeInit
    hw_config.o(i.Set_System) refers to stm32f10x_rcc.o(i.RCC_HSEConfig) for RCC_HSEConfig
    hw_config.o(i.Set_System) refers to stm32f10x_rcc.o(i.RCC_WaitForHSEStartUp) for RCC_WaitForHSEStartUp
    hw_config.o(i.Set_System) refers to stm32f10x_flash.o(i.FLASH_PrefetchBufferCmd) for FLASH_PrefetchBufferCmd
    hw_config.o(i.Set_System) refers to stm32f10x_flash.o(i.FLASH_SetLatency) for FLASH_SetLatency
    hw_config.o(i.Set_System) refers to stm32f10x_rcc.o(i.RCC_HCLKConfig) for RCC_HCLKConfig
    hw_config.o(i.Set_System) refers to stm32f10x_rcc.o(i.RCC_PCLK2Config) for RCC_PCLK2Config
    hw_config.o(i.Set_System) refers to stm32f10x_rcc.o(i.RCC_PCLK1Config) for RCC_PCLK1Config
    hw_config.o(i.Set_System) refers to stm32f10x_rcc.o(i.RCC_PLLConfig) for RCC_PLLConfig
    hw_config.o(i.Set_System) refers to stm32f10x_rcc.o(i.RCC_PLLCmd) for RCC_PLLCmd
    hw_config.o(i.Set_System) refers to stm32f10x_rcc.o(i.RCC_GetFlagStatus) for RCC_GetFlagStatus
    hw_config.o(i.Set_System) refers to stm32f10x_rcc.o(i.RCC_SYSCLKConfig) for RCC_SYSCLKConfig
    hw_config.o(i.Set_System) refers to stm32f10x_rcc.o(i.RCC_GetSYSCLKSource) for RCC_GetSYSCLKSource
    hw_config.o(i.Set_System) refers to stm32f10x_rcc.o(i.RCC_APB1PeriphClockCmd) for RCC_APB1PeriphClockCmd
    hw_config.o(i.Set_System) refers to stm32f10x_rcc.o(i.RCC_APB2PeriphClockCmd) for RCC_APB2PeriphClockCmd
    hw_config.o(i.Set_System) refers to stm32f10x_gpio.o(i.GPIO_Init) for GPIO_Init
    hw_config.o(i.Set_System) refers to stm32f10x_gpio.o(i.GPIO_EXTILineConfig) for GPIO_EXTILineConfig
    hw_config.o(i.Set_System) refers to stm32f10x_exti.o(i.EXTI_Init) for EXTI_Init
    hw_config.o(i.Set_System) refers to stm32f10x_exti.o(i.EXTI_ClearITPendingBit) for EXTI_ClearITPendingBit
    hw_config.o(i.Set_System) refers to hw_config.o(.data) for .data
    hw_config.o(i.Set_USBClock) refers to stm32f10x_rcc.o(i.RCC_USBCLKConfig) for RCC_USBCLKConfig
    hw_config.o(i.Set_USBClock) refers to stm32f10x_rcc.o(i.RCC_APB1PeriphClockCmd) for RCC_APB1PeriphClockCmd
    hw_config.o(i.USB_Cable_Config) refers to stm32f10x_gpio.o(i.GPIO_ResetBits) for GPIO_ResetBits
    hw_config.o(i.USB_Cable_Config) refers to stm32f10x_gpio.o(i.GPIO_SetBits) for GPIO_SetBits
    hw_config.o(i.USB_Interrupts_Config) refers to stm32f10x_nvic.o(i.NVIC_SetVectorTable) for NVIC_SetVectorTable
    hw_config.o(i.USB_Interrupts_Config) refers to stm32f10x_nvic.o(i.NVIC_PriorityGroupConfig) for NVIC_PriorityGroupConfig
    hw_config.o(i.USB_Interrupts_Config) refers to stm32f10x_nvic.o(i.NVIC_Init) for NVIC_Init
    main.o(i.ADC_Configuration) refers to stm32f10x_rcc.o(i.RCC_APB2PeriphClockCmd) for RCC_APB2PeriphClockCmd
    main.o(i.ADC_Configuration) refers to stm32f10x_rcc.o(i.RCC_ADCCLKConfig) for RCC_ADCCLKConfig
[...]
    i.DMA1_Channel6_IRQHandler               0x08000766   Section        0  stm32f10x_it.o(i.DMA1_Channel6_IRQHandler)
    i.DMA1_Channel7_IRQHandler               0x08000768   Section        0  stm32f10x_it.o(i.DMA1_Channel7_IRQHandler)
    i.DMA2_Channel1_IRQHandler               0x0800076a   Section        0  stm32f10x_it.o(i.DMA2_Channel1_IRQHandler)
    i.DMA2_Channel2_IRQHandler               0x0800076c   Section        0  stm32f10x_it.o(i.DMA2_Channel2_IRQHandler)
    i.DMA2_Channel3_IRQHandler               0x0800076e   Section        0  stm32f10x_it.o(i.DMA2_Channel3_IRQHandler)
    i.DMA2_Channel4_5_IRQHandler             0x08000770   Section        0  stm32f10x_it.o(i.DMA2_Channel4_5_IRQHandler)
    i.DMA_Cmd                                0x08000772   Section        0  stm32f10x_dma.o(i.DMA_Cmd)
    i.DMA_DeInit                             0x08000788   Section        0  stm32f10x_dma.o(i.DMA_DeInit)
    i.DMA_Init                               0x08000868   Section        0  stm32f10x_dma.o(i.DMA_Init)
    i.DataStageIn                            0x080008a4   Section        0  usb_core.o(i.DataStageIn)
    DataStageIn                              0x080008a5   Thumb Code   162  usb_core.o(i.DataStageIn)
    i.DataStageOut                           0x08000960   Section        0  usb_core.o(i.DataStageOut)
    DataStageOut                             0x08000961   Thumb Code   148  usb_core.o(i.DataStageOut)
    i.Data_Setup0                            0x08000a08   Section        0  usb_core.o(i.Data_Setup0)
    Data_Setup0                              0x08000a09   Thumb Code   376  usb_core.o(i.Data_Setup0)
    i.DebugMonitor                           0x08000ba4   Section        0  stm32f10x_it.o(i.DebugMonitor)
    i.Delay                                  0x08000ba6   Section        0  main.o(i.Delay)
    i.EXTI0_IRQHandler                       0x08000bb0   Section        0  stm32f10x_it.o(i.EXTI0_IRQHandler)
    i.EXTI15_10_IRQHandler                   0x08000bb2   Section        0  stm32f10x_it.o(i.EXTI15_10_IRQHandler)
    i.EXTI1_IRQHandler                       0x08000bb4   Section        0  stm32f10x_it.o(i.EXTI1_IRQHandler)
    i.EXTI2_IRQHandler                       0x08000bb6   Section        0  stm32f10x_it.o(i.EXTI2_IRQHandler)
    i.EXTI3_IRQHandler                       0x08000bb8   Section        0  stm32f10x_it.o(i.EXTI3_IRQHandler)
    i.EXTI4_IRQHandler                       0x08000bba   Section        0  stm32f10x_it.o(i.EXTI4_IRQHandler)
    i.EXTI9_5_IRQHandler                     0x08000bbc   Section        0  stm32f10x_it.o(i.EXTI9_5_IRQHandler)
    i.EXTI_ClearITPendingBit                 0x08000bec   Section        0  stm32f10x_exti.o(i.EXTI_ClearITPendingBit)
    i.EXTI_GetITStatus                       0x08000bf8   Section        0  stm32f10x_exti.o(i.EXTI_GetITStatus)
    i.EXTI_Init                              0x08000c14   Section        0  stm32f10x_exti.o(i.EXTI_Init)
    i.Enter_LowPowerMode                     0x08000ca0   Section        0  hw_config.o(i.Enter_LowPowerMode)
    i.FLASH_IRQHandler                       0x08000cc0   Section        0  stm32f10x_it.o(i.FLASH_IRQHandler)
    i.FLASH_PrefetchBufferCmd                0x08000cc4   Section        0  stm32f10x_flash.o(i.FLASH_PrefetchBufferCmd)
    i.FLASH_SetLatency                       0x08000cdc   Section        0  stm32f10x_flash.o(i.FLASH_SetLatency)
    i.FSMC_IRQHandler                        0x08000cf4   Section        0  stm32f10x_it.o(i.FSMC_IRQHandler)
    i.GPIO_EXTILineConfig                    0x08000cf8   Section        0  stm32f10x_gpio.o(i.GPIO_EXTILineConfig)
    i.GPIO_Init                              0x08000d20   Section        0  stm32f10x_gpio.o(i.GPIO_Init)
    i.GPIO_PinRemapConfig                    0x08000dc0   Section        0  stm32f10x_gpio.o(i.GPIO_PinRemapConfig)
    i.GPIO_ResetBits                         0x08000e08   Section        0  stm32f10x_gpio.o(i.GPIO_ResetBits)
    i.GPIO_SetBits                           0x08000e0c   Section        0  stm32f10x_gpio.o(i.GPIO_SetBits)
    i.GetEPRxAddr                            0x08000e10   Section        0  usb_regs.o(i.GetEPRxAddr)
    i.GetEPTxAddr                            0x08000e30   Section        0  usb_regs.o(i.GetEPTxAddr)
    i.GetVolt                                0x08000e4c   Section        0  main.o(i.GetVolt)
    i.Get_SerialNum                          0x08000e58   Section        0  hw_config.o(i.Get_SerialNum)
    i.HardFaultException                     0x08000eac   Section        0  stm32f10x_it.o(i.HardFaultException)
    i.I2C1_ER_IRQHandler                     0x08000eae   Section        0  stm32f10x_it.o(i.I2C1_ER_IRQHandler)
    i.I2C1_EV_IRQHandler                     0x08000eb0   Section        0  stm32f10x_it.o(i.I2C1_EV_IRQHandler)
    i.I2C2_ER_IRQHandler                     0x08000eb2   Section        0  stm32f10x_it.o(i.I2C2_ER_IRQHandler)
    i.I2C2_EV_IRQHandler                     0x08000eb4   Section        0  stm32f10x_it.o(i.I2C2_EV_IRQHandler)
    i.In0_Process                            0x08000eb8   Section        0  usb_core.o(i.In0_Process)
    i.JoyState                               0x08000f14   Section        0  hw_config.o(i.JoyState)
    i.Joystick_Data_Setup                    0x08000f5c   Section        0  usb_prop.o(i.Joystick_Data_Setup)
    i.Joystick_GetConfigDescriptor           0x08000fb8   Section        0  usb_prop.o(i.Joystick_GetConfigDescriptor)
    i.Joystick_GetDeviceDescriptor           0x08000fc4   Section        0  usb_prop.o(i.Joystick_GetDeviceDescriptor)
    i.Joystick_GetHIDDescriptor              0x08000fd0   Section        0  usb_prop.o(i.Joystick_GetHIDDescriptor)
    i.Joystick_GetProtocolValue              0x08000fdc   Section        0  usb_prop.o(i.Joystick_GetProtocolValue)
    i.Joystick_GetReportDescriptor           0x08000ff8   Section        0  usb_prop.o(i.Joystick_GetReportDescriptor)
    i.Joystick_GetStringDescriptor           0x08001004   Section        0  usb_prop.o(i.Joystick_GetStringDescriptor)
    i.Joystick_Get_Interface_Setting         0x08001024   Section        0  usb_prop.o(i.Joystick_Get_Interface_Setting)
    i.Joystick_NoData_Setup                  0x08001030   Section        0  usb_prop.o(i.Joystick_NoData_Setup)
    i.Joystick_Reset                         0x08001050   Section        0  usb_prop.o(i.Joystick_Reset)
    i.Joystick_Send                          0x080010f0   Section        0  hw_config.o(i.Joystick_Send)
    i.Joystick_SetConfiguration              0x0800113c   Section        0  usb_prop.o(i.Joystick_SetConfiguration)
    i.Joystick_SetDeviceAddress              0x08001154   Section        0  usb_prop.o(i.Joystick_SetDeviceAddress)
    i.Joystick_SetProtocol                   0x08001160   Section        0  usb_prop.o(i.Joystick_SetProtocol)
    i.Joystick_Status_In                     0x08001178   Section        0  usb_prop.o(i.Joystick_Status_In)
    i.Joystick_Status_Out                    0x0800117a   Section        0  usb_prop.o(i.Joystick_Status_Out)
    i.Joystick_init                          0x0800117c   Section        0  usb_prop.o(i.Joystick_init)
    i.Leave_LowPowerMode                     0x080011b4   Section        0  hw_config.o(i.Leave_LowPowerMode)
    i.MemManageException                     0x08001214   Section        0  stm32f10x_it.o(i.MemManageException)
    i.NMIException                           0x08001216   Section        0  stm32f10x_it.o(i.NMIException)
    i.NOP_Process                            0x08001218   Section        0  usb_core.o(i.NOP_Process)
    i.NRF24L01_Check                         0x0800121c   Section        0  nrf_func.o(i.NRF24L01_Check)
    i.NRF24L01_Init                          0x08001274   Section        0  nrf_func.o(i.NRF24L01_Init)
    i.NRF24L01_Read_Buf                      0x08001294   Section        0  nrf_func.o(i.NRF24L01_Read_Buf)
    i.NRF24L01_Read_Reg                      0x080012dc   Section        0  nrf_func.o(i.NRF24L01_Read_Reg)
    i.NRF24L01_TxPacket                      0x0800130c   Section        0  nrf_func.o(i.NRF24L01_TxPacket)
    i.NRF24L01_Write_Buf                     0x0800136c   Section        0  nrf_func.o(i.NRF24L01_Write_Buf)
    i.NRF24L01_Write_Reg                     0x080013b8   Section        0  nrf_func.o(i.NRF24L01_Write_Reg)
    i.NVIC_Init                              0x080013f0   Section        0  stm32f10x_nvic.o(i.NVIC_Init)
    i.NVIC_PriorityGroupConfig               0x08001464   Section        0  stm32f10x_nvic.o(i.NVIC_PriorityGroupConfig)
    i.NVIC_SetVectorTable                    0x08001478   Section        0  stm32f10x_nvic.o(i.NVIC_SetVectorTable)
    i.NoData_Setup0                          0x0800148c   Section        0  usb_core.o(i.NoData_Setup0)
    NoData_Setup0                            0x0800148d   Thumb Code   200  usb_core.o(i.NoData_Setup0)
    i.Out0_Process                           0x08001568   Section        0  usb_core.o(i.Out0_Process)
    i.PMAToUserBufferCopy                    0x080015a8   Section        0  usb_mem.o(i.PMAToUserBufferCopy)
    i.PVD_IRQHandler                         0x080015c8   Section        0  stm32f10x_it.o(i.PVD_IRQHandler)
    i.PWR_EnterSTOPMode                      0x080015cc   Section        0  stm32f10x_pwr.o(i.PWR_EnterSTOPMode)
    i.PendSVC                                0x080015f8   Section        0  stm32f10x_it.o(i.PendSVC)
    i.Post0_Process                          0x080015fc   Section        0  usb_core.o(i.Post0_Process)
    i.PowerOn                                0x0800163c   Section        0  usb_pwr.o(i.PowerOn)
    i.RCC_ADCCLKConfig                       0x0800166c   Section        0  stm32f10x_rcc.o(i.RCC_ADCCLKConfig)
    i.RCC_AHBPeriphClockCmd                  0x08001680   Section        0  stm32f10x_rcc.o(i.RCC_AHBPeriphClockCmd)
    i.RCC_APB1PeriphClockCmd                 0x08001698   Section        0  stm32f10x_rcc.o(i.RCC_APB1PeriphClockCmd)
    i.RCC_APB1PeriphResetCmd                 0x080016b0   Section        0  stm32f10x_rcc.o(i.RCC_APB1PeriphResetCmd)
    i.RCC_APB2PeriphClockCmd                 0x080016c8   Section        0  stm32f10x_rcc.o(i.RCC_APB2PeriphClockCmd)
    i.RCC_APB2PeriphResetCmd                 0x080016e0   Section        0  stm32f10x_rcc.o(i.RCC_APB2PeriphResetCmd)
    i.RCC_DeInit                             0x080016f8   Section        0  stm32f10x_rcc.o(i.RCC_DeInit)
    i.RCC_GetClocksFreq                      0x08001734   Section        0  stm32f10x_rcc.o(i.RCC_GetClocksFreq)
    i.RCC_GetFlagStatus                      0x080017c8   Section        0  stm32f10x_rcc.o(i.RCC_GetFlagStatus)
    i.RCC_GetSYSCLKSource                    0x080017f8   Section        0  stm32f10x_rcc.o(i.RCC_GetSYSCLKSource)
    i.RCC_HCLKConfig                         0x08001808   Section        0  stm32f10x_rcc.o(i.RCC_HCLKConfig)
    i.RCC_HSEConfig                          0x0800181c   Section        0  stm32f10x_rcc.o(i.RCC_HSEConfig)
    i.RCC_IRQHandler                         0x08001850   Section        0  stm32f10x_it.o(i.RCC_IRQHandler)
    i.RCC_PCLK1Config                        0x08001854   Section        0  stm32f10x_rcc.o(i.RCC_PCLK1Config)
    i.RCC_PCLK2Config                        0x08001868   Section        0  stm32f10x_rcc.o(i.RCC_PCLK2Config)
    i.RCC_PLLCmd                             0x0800187c   Section        0  stm32f10x_rcc.o(i.RCC_PLLCmd)
    i.RCC_PLLConfig                          0x08001888   Section        0  stm32f10x_rcc.o(i.RCC_PLLConfig)
    i.RCC_SYSCLKConfig                       0x0800189c   Section        0  stm32f10x_rcc.o(i.RCC_SYSCLKConfig)
    i.RCC_USBCLKConfig                       0x080018b0   Section        0  stm32f10x_rcc.o(i.RCC_USBCLKConfig)
    i.RCC_WaitForHSEStartUp                  0x080018bc   Section        0  stm32f10x_rcc.o(i.RCC_WaitForHSEStartUp)
    i.RTCAlarm_IRQHandler                    0x080018f0   Section        0  stm32f10x_it.o(i.RTCAlarm_IRQHandler)
    i.RTC_IRQHandler                         0x080018f2   Section        0  stm32f10x_it.o(i.RTC_IRQHandler)
    i.Resume                                 0x080018f4   Section        0  usb_pwr.o(i.Resume)
    i.Resume_Init                            0x08001978   Section        0  usb_pwr.o(i.Resume_Init)
    i.SDIO_IRQHandler                        0x08001998   Section        0  stm32f10x_it.o(i.SDIO_IRQHandler)
    i.SPI1_IRQHandler                        0x0800199a   Section        0  stm32f10x_it.o(i.SPI1_IRQHandler)
    i.SPI2_IRQHandler                        0x0800199c   Section        0  stm32f10x_it.o(i.SPI2_IRQHandler)
    i.SPI3_IRQHandler                        0x0800199e   Section        0  stm32f10x_it.o(i.SPI3_IRQHandler)
    i.SPI_Cmd                                0x080019a0   Section        0  stm32f10x_spi.o(i.SPI_Cmd)
    i.SPI_Configuration                      0x080019b4   Section        0  main.o(i.SPI_Configuration)
    i.SPI_I2S_DeInit                         0x08001a6c   Section        0  stm32f10x_spi.o(i.SPI_I2S_DeInit)
    i.SPI_I2S_GetFlagStatus                  0x08001ab8   Section        0  stm32f10x_spi.o(i.SPI_I2S_GetFlagStatus)
    i.SPI_I2S_ReceiveData                    0x08001ac6   Section        0  stm32f10x_spi.o(i.SPI_I2S_ReceiveData)
    i.SPI_I2S_SendData                       0x08001aca   Section        0  stm32f10x_spi.o(i.SPI_I2S_SendData)
    i.SPI_Init                               0x08001ace   Section        0  stm32f10x_spi.o(i.SPI_Init)
    i.SPI_ReadWriteByte                      0x08001b08   Section        0  nrf_func.o(i.SPI_ReadWriteByte)
    i.SVCHandler                             0x08001b3c   Section        0  stm32f10x_it.o(i.SVCHandler)
    i.SetBTABLE                              0x08001b40   Section        0  usb_regs.o(i.SetBTABLE)
    i.SetDeviceAddress                       0x08001b50   Section        0  usb_core.o(i.SetDeviceAddress)
    i.SetEPRxAddr                            0x08001b8c   Section        0  usb_regs.o(i.SetEPRxAddr)
    i.SetEPRxCount                           0x08001bac   Section        0  usb_regs.o(i.SetEPRxCount)
    i.SetEPRxStatus                          0x08001bec   Section        0  usb_regs.o(i.SetEPRxStatus)
    i.SetEPRxValid                           0x08001c1c   Section        0  usb_regs.o(i.SetEPRxValid)
    i.SetEPTxAddr                            0x08001c3c   Section        0  usb_regs.o(i.SetEPTxAddr)
    i.SetEPTxCount                           0x08001c5c   Section        0  usb_regs.o(i.SetEPTxCount)
    i.SetEPTxStatus                          0x08001c78   Section        0  usb_regs.o(i.SetEPTxStatus)
    i.SetEPTxValid                           0x08001ca8   Section        0  usb_regs.o(i.SetEPTxValid)
    i.SetEPType                              0x08001cc8   Section        0  usb_regs.o(i.SetEPType)
    i.Set_System                             0x08001ce8   Section        0  hw_config.o(i.Set_System)
    i.Set_USBClock                           0x08001dcc   Section        0  hw_config.o(i.Set_USBClock)
    i.Setup0_Process                         0x08001de0   Section        0  usb_core.o(i.Setup0_Process)
    i.Standard_ClearFeature                  0x08001e4c   Section        0  usb_core.o(i.Standard_ClearFeature)
    i.Standard_GetConfiguration              0x08001f40   Section        0  usb_core.o(i.Standard_GetConfiguration)
    i.Standard_GetDescriptorData             0x08001f68   Section        0  usb_core.o(i.Standard_GetDescriptorData)
    i.Standard_GetInterface                  0x08001f88   Section        0  usb_core.o(i.Standard_GetInterface)
    i.Standard_GetStatus                     0x08001fb0   Section        0  usb_core.o(i.Standard_GetStatus)
    i.Standard_SetConfiguration              0x08002040   Section        0  usb_core.o(i.Standard_SetConfiguration)
    i.Standard_SetDeviceFeature              0x08002078   Section        0  usb_core.o(i.Standard_SetDeviceFeature)
    i.Standard_SetEndPointFeature            0x0800209c   Section        0  usb_core.o(i.Standard_SetEndPointFeature)
    i.Standard_SetInterface                  0x08002120   Section        0  usb_core.o(i.Standard_SetInterface)
    i.Suspend                                0x08002168   Section        0  usb_pwr.o(i.Suspend)
    i.SysTickHandler                         0x08002188   Section        0  stm32f10x_it.o(i.SysTickHandler)
    i.TAMPER_IRQHandler                      0x0800218a   Section        0  stm32f10x_it.o(i.TAMPER_IRQHandler)
    i.TIM1_BRK_IRQHandler                    0x0800218c   Section        0  stm32f10x_it.o(i.TIM1_BRK_IRQHandler)
    i.TIM1_CC_IRQHandler                     0x0800218e   Section        0  stm32f10x_it.o(i.TIM1_CC_IRQHandler)
    i.TIM1_TRG_COM_IRQHandler                0x08002190   Section        0  stm32f10x_it.o(i.TIM1_TRG_COM_IRQHandler)
    i.TIM1_UP_IRQHandler                     0x08002192   Section        0  stm32f10x_it.o(i.TIM1_UP_IRQHandler)
    i.TIM2_IRQHandler                        0x08002194   Section        0  stm32f10x_it.o(i.TIM2_IRQHandler)
    i.TIM3_IRQHandler                        0x08002196   Section        0  stm32f10x_it.o(i.TIM3_IRQHandler)
    i.TIM4_IRQHandler                        0x08002198   Section        0  stm32f10x_it.o(i.TIM4_IRQHandler)
    i.TIM5_IRQHandler                        0x0800219a   Section        0  stm32f10x_it.o(i.TIM5_IRQHandler)
    i.TIM6_IRQHandler                        0x0800219c   Section        0  stm32f10x_it.o(i.TIM6_IRQHandler)
    i.TIM7_IRQHandler                        0x0800219e   Section        0  stm32f10x_it.o(i.TIM7_IRQHandler)
    i.TIM8_BRK_IRQHandler                    0x080021a0   Section        0  stm32f10x_it.o(i.TIM8_BRK_IRQHandler)
    i.TIM8_CC_IRQHandler                     0x080021a2   Section        0  stm32f10x_it.o(i.TIM8_CC_IRQHandler)
    i.TIM8_TRG_COM_IRQHandler                0x080021a4   Section        0  stm32f10x_it.o(i.TIM8_TRG_COM_IRQHandler)
    i.TIM8_UP_IRQHandler                     0x080021a6   Section        0  stm32f10x_it.o(i.TIM8_UP_IRQHandler)
    i.TX_Mode                                0x080021a8   Section        0  nrf_func.o(i.TX_Mode)
    i.UART4_IRQHandler                       0x08002214   Section        0  stm32f10x_it.o(i.UART4_IRQHandler)
    i.UART5_IRQHandler                       0x08002216   Section        0  stm32f10x_it.o(i.UART5_IRQHandler)
    i.USART1_IRQHandler                      0x08002218   Section        0  stm32f10x_it.o(i.USART1_IRQHandler)
    i.USART2_IRQHandler                      0x0800221a   Section        0  stm32f10x_it.o(i.USART2_IRQHandler)
    i.USART3_IRQHandler                      0x0800221c   Section        0  stm32f10x_it.o(i.USART3_IRQHandler)
    i.USART_Cmd                              0x0800221e   Section        0  stm32f10x_usart.o(i.USART_Cmd)
    i.USART_Configuration                    0x08002234   Section        0  main.o(i.USART_Configuration)
    i.USART_GetFlagStatus                    0x080022d8   Section        0  stm32f10x_usart.o(i.USART_GetFlagStatus)
    i.USART_Init                             0x080022e8   Section        0  stm32f10x_usart.o(i.USART_Init)
    i.USART_SendData                         0x08002370   Section        0  stm32f10x_usart.o(i.USART_SendData)
    i.USBWakeUp_IRQHandler                   0x08002378   Section        0  stm32f10x_it.o(i.USBWakeUp_IRQHandler)
    i.USB_Cable_Config                       0x08002380   Section        0  hw_config.o(i.USB_Cable_Config)
    i.USB_HP_CAN_TX_IRQHandler               0x08002398   Section        0  stm32f10x_it.o(i.USB_HP_CAN_TX_IRQHandler)
    i.USB_Init                               0x0800239c   Section        0  usb_init.o(i.USB_Init)
    i.USB_Interrupts_Config                  0x080023c4   Section        0  hw_config.o(i.USB_Interrupts_Config)
    i.USB_Istr                               0x08002428   Section        0  usb_istr.o(i.USB_Istr)
    i.USB_LP_CAN_RX0_IRQHandler              0x080024f4   Section        0  stm32f10x_it.o(i.USB_LP_CAN_RX0_IRQHandler)
    i.UsageFaultException                    0x080024f8   Section        0  stm32f10x_it.o(i.UsageFaultException)
    i.UserToPMABufferCopy                    0x080024fc   Section        0  usb_mem.o(i.UserToPMABufferCopy)
    i.WWDG_IRQHandler                        0x08002524   Section        0  stm32f10x_it.o(i.WWDG_IRQHandler)
    i.__0printf$1                            0x08002528   Section        0  printf1.o(i.__0printf$1)
    i.__scatterload_copy                     0x08002548   Section       14  handlers.o(i.__scatterload_copy)
    i.__scatterload_null                     0x08002556   Section        2  handlers.o(i.__scatterload_null)
    i.__scatterload_zeroinit                 0x08002558   Section       14  handlers.o(i.__scatterload_zeroinit)
    i._printf_core                           0x08002568   Section        0  printf1.o(i._printf_core)
    _printf_core                             0x08002569   Thumb Code   334  printf1.o(i._printf_core)
    i.filter                                 0x080026bc   Section        0  main.o(i.filter)
    i.fputc                                  0x080026f8   Section        0  main.o(i.fputc)
    i.main                                   0x0800271c   Section        0  main.o(i.main)
    .constdata                               0x0800283c   Section       18  usb_desc.o(.constdata)
    .constdata                               0x0800284e   Section       34  usb_desc.o(.constdata)
    .constdata                               0x08002870   Section       74  usb_desc.o(.constdata)
    .constdata                               0x080028ba   Section        4  usb_desc.o(.constdata)
    .constdata                               0x080028be   Section       38  usb_desc.o(.constdata)
    .constdata                               0x080028e4   Section       30  usb_desc.o(.constdata)
    .constdata                               0x08002902   Section       10  nrf_func.o(.constdata)
    .constdata                               0x0800290c   Section       20  stm32f10x_rcc.o(.constdata)
    ADCPrescTable                            0x0800290c   Data           4  stm32f10x_rcc.o(.constdata)
    APBAHBPrescTable                         0x08002910   Data          16  stm32f10x_rcc.o(.constdata)
    .data                                    0x20000000   Section       12  hw_config.o(.data)
    .data                                    0x2000000c   Section        4  main.o(.data)
    .data                                    0x20000010   Section       26  usb_desc.o(.data)
    .data                                    0x2000002a   Section        4  usb_istr.o(.data)
    .data                                    0x20000030   Section       28  usb_istr.o(.data)
    .data                                    0x2000004c   Section       28  usb_istr.o(.data)
    .data                                    0x20000068   Section        2  usb_prop.o(.data)
    .data                                    0x2000006c   Section      116  usb_prop.o(.data)
    .data                                    0x200000e0   Section       36  usb_prop.o(.data)
    .data                                    0x20000104   Section        4  usb_pwr.o(.data)
    .data                                    0x20000108   Section        1  usb_pwr.o(.data)
    .data                                    0x20000109   Section        2  usb_pwr.o(.data)
    .data                                    0x2000010c   Section        4  usb_core.o(.data)
    .data                                    0x20000110   Section        1  usb_init.o(.data)
    .data                                    0x20000114   Section       12  usb_init.o(.data)
    .data                                    0x20000120   Section        2  usb_init.o(.data)
    .data                                    0x20000122   Section        4  usb_int.o(.data)
    .data                                    0x20000128   Section        8  stm32f10x_rcc.o(.data)
    HSEStatus                                0x20000128   Data           1  stm32f10x_rcc.o(.data)
    StartUpCounter                           0x2000012c   Data           4  stm32f10x_rcc.o(.data)
    .data                                    0x20000130   Section        4  stdout.o(.data)
    .bss                                     0x20000134   Section      896  main.o(.bss)
    .bss                                     0x200004b4   Section       28  usb_init.o(.bss)
    STACK                                    0x200004d0   Section     1024  stm32f10x_vector.o(STACK)

    Global Symbols

    Symbol Name                              Value     Ov Type        Size  Object(Section)

    BuildAttributes$$THM_ISAv4$P$D$K$B$S$PE$A:L22UL41UL21$X:L11$S22US41US21$IEEE1$IW$USESV6$~STKCKD$USESV7$~SHL$OSPACE$ROPI$EBA8$MICROLIB$REQ8$PRES8$EABIv2 0x00000000   Number         0  anon$$obj.o ABSOLUTE
    __ARM_use_no_argv                        0x00000000   Number         0  main.o ABSOLUTE
    _printf_a                                0x00000000   Number         0  stubs.o ABSOLUTE
    _printf_c                                0x00000000   Number         0  stubs.o ABSOLUTE
    _printf_charcount                        0x00000000   Number         0  stubs.o ABSOLUTE
    _printf_d                                0x00000000   Number         0  stubs.o ABSOLUTE
    _printf_e                                0x00000000   Number         0  stubs.o ABSOLUTE
    _printf_f                                0x00000000   Number         0  stubs.o ABSOLUTE
    _printf_flags                            0x00000000   Number         0  stubs.o ABSOLUTE
    _printf_fp_dec                           0x00000000   Number         0  stubs.o ABSOLUTE
    _printf_fp_hex                           0x00000000   Number         0  stubs.o ABSOLUTE
    _printf_g                                0x00000000   Number         0  stubs.o ABSOLUTE
    _printf_i                                0x00000000   Number         0  stubs.o ABSOLUTE
    _printf_int_dec                          0x00000000   Number         0  stubs.o ABSOLUTE
    _printf_l                                0x00000000   Number         0  stubs.o ABSOLUTE
    _printf_lc                               0x00000000   Number         0  stubs.o ABSOLUTE
    _printf_ll                               0x00000000   Number         0  stubs.o ABSOLUTE
    _printf_lld                              0x00000000   Number         0  stubs.o ABSOLUTE
    _printf_lli                              0x00000000   Number         0  stubs.o ABSOLUTE
    _printf_llo                              0x00000000   Number         0  stubs.o ABSOLUTE
    _printf_llu                              0x00000000   Number         0  stubs.o ABSOLUTE
    _printf_llx                              0x00000000   Number         0  stubs.o ABSOLUTE
    _printf_longlong_dec                     0x00000000   Number         0  stubs.o ABSOLUTE
    _printf_longlong_hex                     0x00000000   Number         0  stubs.o ABSOLUTE
    _printf_longlong_oct                     0x00000000   Number         0  stubs.o ABSOLUTE
    _printf_ls                               0x00000000   Number         0  stubs.o ABSOLUTE
    _printf_mbtowc                           0x00000000   Number         0  stubs.o ABSOLUTE
    _printf_n                                0x00000000   Number         0  stubs.o ABSOLUTE
    _printf_o                                0x00000000   Number         0  stubs.o ABSOLUTE
    _printf_p                                0x00000000   Number         0  stubs.o ABSOLUTE
    _printf_percent                          0x00000000   Number         0  stubs.o ABSOLUTE
    _printf_pre_padding                      0x00000000   Number         0  stubs.o ABSOLUTE
    _printf_return_value                     0x00000000   Number         0  stubs.o ABSOLUTE
    _printf_s                                0x00000000   Number         0  stubs.o ABSOLUTE
    _printf_sizespec                         0x00000000   Number         0  stubs.o ABSOLUTE
    _printf_str                              0x00000000   Number         0  stubs.o ABSOLUTE
    _printf_truncate_signed                  0x00000000   Number         0  stubs.o ABSOLUTE
    _printf_truncate_unsigned                0x00000000   Number         0  stubs.o ABSOLUTE
    _printf_u                                0x00000000   Number         0  stubs.o ABSOLUTE
    _printf_wc                               0x00000000   Number         0  stubs.o ABSOLUTE
    _printf_wctomb                           0x00000000   Number         0  stubs.o ABSOLUTE
    _printf_widthprec                        0x00000000   Number         0  stubs.o ABSOLUTE
    _printf_x                                0x00000000   Number         0  stubs.o ABSOLUTE
    __Vectors                                0x08000000   Data           4  stm32f10x_vector.o(RESET)
    __main                                   0x08000131   Thumb Code     0  entry.o(.ARM.Collect$$$$00000000)
    _main_stk                                0x08000131   Thumb Code     0  entry2.o(.ARM.Collect$$$$00000001)
    _main_scatterload                        0x08000135   Thumb Code     0  entry5.o(.ARM.Collect$$$$00000004)
    __main_after_scatterload                 0x08000139   Thumb Code     0  entry5.o(.ARM.Collect$$$$00000004)
    _main_init                               0x08000139   Thumb Code     0  entry7.o(.ARM.Collect$$$$00000007)
    Reset_Handler                            0x08000145   Thumb Code     4  stm32f10x_vector.o(.text)
    __WFI                                    0x0800014d   Thumb Code     0  cortexm3_macro.o(.text)
    __WFE                                    0x08000151   Thumb Code     0  cortexm3_macro.o(.text)
    __SEV                                    0x08000155   Thumb Code     0  cortexm3_macro.o(.text)
    __ISB                                    0x08000159   Thumb Code     0  cortexm3_macro.o(.text)
    __DSB                                    0x0800015f   Thumb Code     0  cortexm3_macro.o(.text)
    __DMB                                    0x08000165   Thumb Code     0  cortexm3_macro.o(.text)
    __SVC                                    0x0800016b   Thumb Code     0  cortexm3_macro.o(.text)
    __MRS_CONTROL                            0x0800016f   Thumb Code     0  cortexm3_macro.o(.text)
    __MSR_CONTROL                            0x08000175   Thumb Code     0  cortexm3_macro.o(.text)
    __MRS_PSP                                0x0800017f   Thumb Code     0  cortexm3_macro.o(.text)
    __MSR_PSP                                0x08000185   Thumb Code     0  cortexm3_macro.o(.text)
    __MRS_MSP                                0x0800018b   Thumb Code     0  cortexm3_macro.o(.text)
    __MSR_MSP                                0x08000191   Thumb Code     0  cortexm3_macro.o(.text)
    __RESETPRIMASK                           0x08000197   Thumb Code     0  cortexm3_macro.o(.text)
    __SETPRIMASK                             0x0800019b   Thumb Code     0  cortexm3_macro.o(.text)
    __READ_PRIMASK                           0x0800019f   Thumb Code     0  cortexm3_macro.o(.text)
    __SETFAULTMASK                           0x080001a5   Thumb Code     0  cortexm3_macro.o(.text)
    __RESETFAULTMASK                         0x080001a9   Thumb Code     0  cortexm3_macro.o(.text)
    __READ_FAULTMASK                         0x080001ad   Thumb Code     0  cortexm3_macro.o(.text)
    __BASEPRICONFIG                          0x080001b3   Thumb Code     0  cortexm3_macro.o(.text)
    __GetBASEPRI                             0x080001b9   Thumb Code     0  cortexm3_macro.o(.text)
    __REV_HalfWord                           0x080001bf   Thumb Code     0  cortexm3_macro.o(.text)
    __REV_Word                               0x080001c3   Thumb Code     0  cortexm3_macro.o(.text)
    __aeabi_memcpy                           0x080001c7   Thumb Code    36  memcpya.o(.text)
    __aeabi_memcpy4                          0x080001c7   Thumb Code     0  memcpya.o(.text)
    __aeabi_memcpy8                          0x080001c7   Thumb Code     0  memcpya.o(.text)
    __aeabi_uidiv                            0x080001eb   Thumb Code     0  uidiv.o(.text)
    __aeabi_uidivmod                         0x080001eb   Thumb Code    44  uidiv.o(.text)
    __scatterload                            0x08000219   Thumb Code    28  init.o(.text)
    __scatterload_rt2                        0x08000219   Thumb Code     0  init.o(.text)
    __decompress                             0x0800023d   Thumb Code     0  __dczerorl2.o(.text)
    __decompress1                            0x0800023d   Thumb Code    92  __dczerorl2.o(.text)
    ADC1_2_IRQHandler                        0x08000299   Thumb Code     2  stm32f10x_it.o(i.ADC1_2_IRQHandler)
    ADC3_IRQHandler                          0x0800029b   Thumb Code     2  stm32f10x_it.o(i.ADC3_IRQHandler)
    ADC_Cmd                                  0x0800029d   Thumb Code    20  stm32f10x_adc.o(i.ADC_Cmd)
    ADC_Configuration                        0x080002b1   Thumb Code   312  main.o(i.ADC_Configuration)
    ADC_DMACmd                               0x080003fd   Thumb Code    20  stm32f10x_adc.o(i.ADC_DMACmd)
    ADC_DeInit                               0x08000411   Thumb Code    56  stm32f10x_adc.o(i.ADC_DeInit)
    ADC_GetCalibrationStatus                 0x0800044d   Thumb Code    14  stm32f10x_adc.o(i.ADC_GetCalibrationStatus)
    ADC_GetResetCalibrationStatus            0x0800045b   Thumb Code    14  stm32f10x_adc.o(i.ADC_GetResetCalibrationStatus)
    ADC_Init                                 0x08000469   Thumb Code    62  stm32f10x_adc.o(i.ADC_Init)
    ADC_RegularChannelConfig                 0x080004b1   Thumb Code   116  stm32f10x_adc.o(i.ADC_RegularChannelConfig)
    ADC_ResetCalibration                     0x08000525   Thumb Code    10  stm32f10x_adc.o(i.ADC_ResetCalibration)
    ADC_SoftwareStartConvCmd                 0x0800052f   Thumb Code    20  stm32f10x_adc.o(i.ADC_SoftwareStartConvCmd)
    ADC_StartCalibration                     0x08000543   Thumb Code    10  stm32f10x_adc.o(i.ADC_StartCalibration)
    BusFaultException                        0x0800054d   Thumb Code     2  stm32f10x_it.o(i.BusFaultException)
    BusFault_Handler                         0x0800054d   Thumb Code     0  stm32f10x_it.o(i.BusFaultException)
    ByteSwap                                 0x0800054f   Thumb Code    10  usb_regs.o(i.ByteSwap)
    CAN_RX1_IRQHandler                       0x08000559   Thumb Code     2  stm32f10x_it.o(i.CAN_RX1_IRQHandler)
    CAN_SCE_IRQHandler                       0x0800055b   Thumb Code     2  stm32f10x_it.o(i.CAN_SCE_IRQHandler)
    CTR_LP                                   0x0800055d   Thumb Code   380  usb_int.o(i.CTR_LP)
    ClearDTOG_RX                             0x080006f1   Thumb Code    36  usb_regs.o(i.ClearDTOG_RX)
    ClearDTOG_TX                             0x08000719   Thumb Code    36  usb_regs.o(i.ClearDTOG_TX)
    Clear_Status_Out                         0x08000741   Thumb Code    24  usb_regs.o(i.Clear_Status_Out)
    DMA1_Channel1_IRQHandler                 0x0800075d   Thumb Code     2  stm32f10x_it.o(i.DMA1_Channel1_IRQHandler)
    DMA1_Channel2_IRQHandler                 0x0800075f   Thumb Code     2  stm32f10x_it.o(i.DMA1_Channel2_IRQHandler)
    DMA1_Channel3_IRQHandler                 0x08000761   Thumb Code     2  stm32f10x_it.o(i.DMA1_Channel3_IRQHandler)
    DMA1_Channel4_IRQHandler                 0x08000763   Thumb Code     2  stm32f10x_it.o(i.DMA1_Channel4_IRQHandler)
    DMA1_Channel5_IRQHandler                 0x08000765   Thumb Code     2  stm32f10x_it.o(i.DMA1_Channel5_IRQHandler)
    DMA1_Channel6_IRQHandler                 0x08000767   Thumb Code     2  stm32f10x_it.o(i.DMA1_Channel6_IRQHandler)
    DMA1_Channel7_IRQHandler                 0x08000769   Thumb Code     2  stm32f10x_it.o(i.DMA1_Channel7_IRQHandler)
    DMA2_Channel1_IRQHandler                 0x0800076b   Thumb Code     2  stm32f10x_it.o(i.DMA2_Channel1_IRQHandler)
    DMA2_Channel2_IRQHandler                 0x0800076d   Thumb Code     2  stm32f10x_it.o(i.DMA2_Channel2_IRQHandler)
    DMA2_Channel3_IRQHandler                 0x0800076f   Thumb Code     2  stm32f10x_it.o(i.DMA2_Channel3_IRQHandler)
    DMA2_Channel4_5_IRQHandler               0x08000771   Thumb Code     2  stm32f10x_it.o(i.DMA2_Channel4_5_IRQHandler)
    DMA_Cmd                                  0x08000773   Thumb Code    20  stm32f10x_dma.o(i.DMA_Cmd)
    DMA_DeInit                               0x08000789   Thumb Code   210  stm32f10x_dma.o(i.DMA_DeInit)
    DMA_Init                                 0x08000869   Thumb Code    58  stm32f10x_dma.o(i.DMA_Init)
    DebugMon_Handler                         0x08000ba5   Thumb Code     0  stm32f10x_it.o(i.DebugMonitor)
    DebugMonitor                             0x08000ba5   Thumb Code     2  stm32f10x_it.o(i.DebugMonitor)
    Delay                                    0x08000ba7   Thumb Code    10  main.o(i.Delay)
    EXTI0_IRQHandler                         0x08000bb1   Thumb Code     2  stm32f10x_it.o(i.EXTI0_IRQHandler)
    EXTI15_10_IRQHandler                     0x08000bb3   Thumb Code     2  stm32f10x_it.o(i.EXTI15_10_IRQHandler)
    EXTI1_IRQHandler                         0x08000bb5   Thumb Code     2  stm32f10x_it.o(i.EXTI1_IRQHandler)
    EXTI2_IRQHandler                         0x08000bb7   Thumb Code     2  stm32f10x_it.o(i.EXTI2_IRQHandler)
    EXTI3_IRQHandler                         0x08000bb9   Thumb Code     2  stm32f10x_it.o(i.EXTI3_IRQHandler)
    EXTI4_IRQHandler                         0x08000bbb   Thumb Code     2  stm32f10x_it.o(i.EXTI4_IRQHandler)
    EXTI9_5_IRQHandler                       0x08000bbd   Thumb Code    44  stm32f10x_it.o(i.EXTI9_5_IRQHandler)
    EXTI_ClearITPendingBit                   0x08000bed   Thumb Code     6  stm32f10x_exti.o(i.EXTI_ClearITPendingBit)
    EXTI_GetITStatus                         0x08000bf9   Thumb Code    24  stm32f10x_exti.o(i.EXTI_GetITStatus)
    EXTI_Init                                0x08000c15   Thumb Code   134  stm32f10x_exti.o(i.EXTI_Init)
    Enter_LowPowerMode                       0x08000ca1   Thumb Code    28  hw_config.o(i.Enter_LowPowerMode)
    FLASH_IRQHandler                         0x08000cc1   Thumb Code     2  stm32f10x_it.o(i.FLASH_IRQHandler)
    FLASH_PrefetchBufferCmd                  0x08000cc5   Thumb Code    18  stm32f10x_flash.o(i.FLASH_PrefetchBufferCmd)
    FLASH_SetLatency                         0x08000cdd   Thumb Code    18  stm32f10x_flash.o(i.FLASH_SetLatency)
    FSMC_IRQHandler                          0x08000cf5   Thumb Code     2  stm32f10x_it.o(i.FSMC_IRQHandler)
    GPIO_EXTILineConfig                      0x08000cf9   Thumb Code    34  stm32f10x_gpio.o(i.GPIO_EXTILineConfig)
    GPIO_Init                                0x08000d21   Thumb Code   160  stm32f10x_gpio.o(i.GPIO_Init)
    GPIO_PinRemapConfig                      0x08000dc1   Thumb Code    66  stm32f10x_gpio.o(i.GPIO_PinRemapConfig)
    GPIO_ResetBits                           0x08000e09   Thumb Code     4  stm32f10x_gpio.o(i.GPIO_ResetBits)
    GPIO_SetBits                             0x08000e0d   Thumb Code     4  stm32f10x_gpio.o(i.GPIO_SetBits)
    GetEPRxAddr                              0x08000e11   Thumb Code    22  usb_regs.o(i.GetEPRxAddr)
    GetEPTxAddr                              0x08000e31   Thumb Code    20  usb_regs.o(i.GetEPTxAddr)
    GetVolt                                  0x08000e4d   Thumb Code    10  main.o(i.GetVolt)
    Get_SerialNum                            0x08000e59   Thumb Code    74  hw_config.o(i.Get_SerialNum)
    HardFaultException                       0x08000ead   Thumb Code     2  stm32f10x_it.o(i.HardFaultException)
    HardFault_Handler                        0x08000ead   Thumb Code     0  stm32f10x_it.o(i.HardFaultException)
    I2C1_ER_IRQHandler                       0x08000eaf   Thumb Code     2  stm32f10x_it.o(i.I2C1_ER_IRQHandler)
    I2C1_EV_IRQHandler                       0x08000eb1   Thumb Code     2  stm32f10x_it.o(i.I2C1_EV_IRQHandler)
    I2C2_ER_IRQHandler                       0x08000eb3   Thumb Code     2  stm32f10x_it.o(i.I2C2_ER_IRQHandler)
    I2C2_EV_IRQHandler                       0x08000eb5   Thumb Code     2  stm32f10x_it.o(i.I2C2_EV_IRQHandler)
    In0_Process                              0x08000eb9   Thumb Code    80  usb_core.o(i.In0_Process)
    JoyState                                 0x08000f15   Thumb Code    68  hw_config.o(i.JoyState)
    Joystick_Data_Setup                      0x08000f5d   Thumb Code    74  usb_prop.o(i.Joystick_Data_Setup)
    Joystick_GetConfigDescriptor             0x08000fb9   Thumb Code     6  usb_prop.o(i.Joystick_GetConfigDescriptor)
    Joystick_GetDeviceDescriptor             0x08000fc5   Thumb Code     6  usb_prop.o(i.Joystick_GetDeviceDescriptor)
    Joystick_GetHIDDescriptor                0x08000fd1   Thumb Code     6  usb_prop.o(i.Joystick_GetHIDDescriptor)
    Joystick_GetProtocolValue                0x08000fdd   Thumb Code    18  usb_prop.o(i.Joystick_GetProtocolValue)
    Joystick_GetReportDescriptor             0x08000ff9   Thumb Code     6  usb_prop.o(i.Joystick_GetReportDescriptor)
    Joystick_GetStringDescriptor             0x08001005   Thumb Code    24  usb_prop.o(i.Joystick_GetStringDescriptor)
    Joystick_Get_Interface_Setting           0x08001025   Thumb Code    10  usb_prop.o(i.Joystick_Get_Interface_Setting)
    Joystick_NoData_Setup                    0x08001031   Thumb Code    26  usb_prop.o(i.Joystick_NoData_Setup)
    Joystick_Reset                           0x08001051   Thumb Code   142  usb_prop.o(i.Joystick_Reset)
    Joystick_Send                            0x080010f1   Thumb Code    74  hw_config.o(i.Joystick_Send)
    Joystick_SetConfiguration                0x0800113d   Thumb Code    16  usb_prop.o(i.Joystick_SetConfiguration)
    Joystick_SetDeviceAddress                0x08001155   Thumb Code     8  usb_prop.o(i.Joystick_SetDeviceAddress)
    Joystick_SetProtocol                     0x08001161   Thumb Code    14  usb_prop.o(i.Joystick_SetProtocol)
    Joystick_Status_In                       0x08001179   Thumb Code     2  usb_prop.o(i.Joystick_Status_In)
    Joystick_Status_Out                      0x0800117b   Thumb Code     2  usb_prop.o(i.Joystick_Status_Out)
    Joystick_init                            0x0800117d   Thumb Code    38  usb_prop.o(i.Joystick_init)
    Leave_LowPowerMode                       0x080011b5   Thumb Code    84  hw_config.o(i.Leave_LowPowerMode)
    MemManageException                       0x08001215   Thumb Code     2  stm32f10x_it.o(i.MemManageException)
    MemManage_Handler                        0x08001215   Thumb Code     0  stm32f10x_it.o(i.MemManageException)
    NMIException                             0x08001217   Thumb Code     2  stm32f10x_it.o(i.NMIException)
    NMI_Handler                              0x08001217   Thumb Code     0  stm32f10x_it.o(i.NMIException)
    NOP_Process                              0x08001219   Thumb Code     2  usb_core.o(i.NOP_Process)
    NRF24L01_Check                           0x0800121d   Thumb Code    70  nrf_func.o(i.NRF24L01_Check)
    NRF24L01_Init                            0x08001275   Thumb Code    26  nrf_func.o(i.NRF24L01_Init)
    NRF24L01_Read_Buf                        0x08001295   Thumb Code    68  nrf_func.o(i.NRF24L01_Read_Buf)
    NRF24L01_Read_Reg                        0x080012dd   Thumb Code    44  nrf_func.o(i.NRF24L01_Read_Reg)
    NRF24L01_TxPacket                        0x0800130d   Thumb Code    86  nrf_func.o(i.NRF24L01_TxPacket)
    NRF24L01_Write_Buf                       0x0800136d   Thumb Code    70  nrf_func.o(i.NRF24L01_Write_Buf)
    NRF24L01_Write_Reg                       0x080013b9   Thumb Code    50  nrf_func.o(i.NRF24L01_Write_Reg)
    NVIC_Init                                0x080013f1   Thumb Code   116  stm32f10x_nvic.o(i.NVIC_Init)
    NVIC_PriorityGroupConfig                 0x08001465   Thumb Code    10  stm32f10x_nvic.o(i.NVIC_PriorityGroupConfig)
    NVIC_SetVectorTable                      0x08001479   Thumb Code    12  stm32f10x_nvic.o(i.NVIC_SetVectorTable)
    Out0_Process                             0x08001569   Thumb Code    54  usb_core.o(i.Out0_Process)
    PMAToUserBufferCopy                      0x080015a9   Thumb Code    26  usb_mem.o(i.PMAToUserBufferCopy)
    PVD_IRQHandler                           0x080015c9   Thumb Code     2  stm32f10x_it.o(i.PVD_IRQHandler)
    PWR_EnterSTOPMode                        0x080015cd   Thumb Code    34  stm32f10x_pwr.o(i.PWR_EnterSTOPMode)
    PendSVC                                  0x080015f9   Thumb Code     2  stm32f10x_it.o(i.PendSVC)
    PendSV_Handler                           0x080015f9   Thumb Code     0  stm32f10x_it.o(i.PendSVC)
    Post0_Process                            0x080015fd   Thumb Code    46  usb_core.o(i.Post0_Process)
    PowerOn                                  0x0800163d   Thumb Code    38  usb_pwr.o(i.PowerOn)
    RCC_ADCCLKConfig                         0x0800166d   Thumb Code    14  stm32f10x_rcc.o(i.RCC_ADCCLKConfig)
    RCC_AHBPeriphClockCmd                    0x08001681   Thumb Code    18  stm32f10x_rcc.o(i.RCC_AHBPeriphClockCmd)
    RCC_APB1PeriphClockCmd                   0x08001699   Thumb Code    18  stm32f10x_rcc.o(i.RCC_APB1PeriphClockCmd)
    RCC_APB1PeriphResetCmd                   0x080016b1   Thumb Code    18  stm32f10x_rcc.o(i.RCC_APB1PeriphResetCmd)
    RCC_APB2PeriphClockCmd                   0x080016c9   Thumb Code    18  stm32f10x_rcc.o(i.RCC_APB2PeriphClockCmd)
    RCC_APB2PeriphResetCmd                   0x080016e1   Thumb Code    18  stm32f10x_rcc.o(i.RCC_APB2PeriphResetCmd)
    RCC_DeInit                               0x080016f9   Thumb Code    48  stm32f10x_rcc.o(i.RCC_DeInit)
    RCC_GetClocksFreq                        0x08001735   Thumb Code   132  stm32f10x_rcc.o(i.RCC_GetClocksFreq)
    RCC_GetFlagStatus                        0x080017c9   Thumb Code    42  stm32f10x_rcc.o(i.RCC_GetFlagStatus)
    RCC_GetSYSCLKSource                      0x080017f9   Thumb Code    10  stm32f10x_rcc.o(i.RCC_GetSYSCLKSource)
    RCC_HCLKConfig                           0x08001809   Thumb Code    14  stm32f10x_rcc.o(i.RCC_HCLKConfig)
    RCC_HSEConfig                            0x0800181d   Thumb Code    48  stm32f10x_rcc.o(i.RCC_HSEConfig)
    RCC_IRQHandler                           0x08001851   Thumb Code     2  stm32f10x_it.o(i.RCC_IRQHandler)
    RCC_PCLK1Config                          0x08001855   Thumb Code    14  stm32f10x_rcc.o(i.RCC_PCLK1Config)
    RCC_PCLK2Config                          0x08001869   Thumb Code    16  stm32f10x_rcc.o(i.RCC_PCLK2Config)
    RCC_PLLCmd                               0x0800187d   Thumb Code     6  stm32f10x_rcc.o(i.RCC_PLLCmd)
    RCC_PLLConfig                            0x08001889   Thumb Code    16  stm32f10x_rcc.o(i.RCC_PLLConfig)
    RCC_SYSCLKConfig                         0x0800189d   Thumb Code    14  stm32f10x_rcc.o(i.RCC_SYSCLKConfig)
    RCC_USBCLKConfig                         0x080018b1   Thumb Code     6  stm32f10x_rcc.o(i.RCC_USBCLKConfig)
    RCC_WaitForHSEStartUp                    0x080018bd   Thumb Code    46  stm32f10x_rcc.o(i.RCC_WaitForHSEStartUp)
    RTCAlarm_IRQHandler                      0x080018f1   Thumb Code     2  stm32f10x_it.o(i.RTCAlarm_IRQHandler)
    RTC_IRQHandler                           0x080018f3   Thumb Code     2  stm32f10x_it.o(i.RTC_IRQHandler)
    Resume                                   0x080018f5   Thumb Code   124  usb_pwr.o(i.Resume)
    Resume_Init                              0x08001979   Thumb Code    26  usb_pwr.o(i.Resume_Init)
    SDIO_IRQHandler                          0x08001999   Thumb Code     2  stm32f10x_it.o(i.SDIO_IRQHandler)
    SPI1_IRQHandler                          0x0800199b   Thumb Code     2  stm32f10x_it.o(i.SPI1_IRQHandler)
    SPI2_IRQHandler                          0x0800199d   Thumb Code     2  stm32f10x_it.o(i.SPI2_IRQHandler)
    SPI3_IRQHandler                          0x0800199f   Thumb Code     2  stm32f10x_it.o(i.SPI3_IRQHandler)
    SPI_Cmd                                  0x080019a1   Thumb Code    20  stm32f10x_spi.o(i.SPI_Cmd)
    SPI_Configuration                        0x080019b5   Thumb Code   166  main.o(i.SPI_Configuration)
    SPI_I2S_DeInit                           0x08001a6d   Thumb Code    72  stm32f10x_spi.o(i.SPI_I2S_DeInit)
    SPI_I2S_GetFlagStatus                    0x08001ab9   Thumb Code    14  stm32f10x_spi.o(i.SPI_I2S_GetFlagStatus)
    SPI_I2S_ReceiveData                      0x08001ac7   Thumb Code     4  stm32f10x_spi.o(i.SPI_I2S_ReceiveData)
    SPI_I2S_SendData                         0x08001acb   Thumb Code     4  stm32f10x_spi.o(i.SPI_I2S_SendData)
    SPI_Init                                 0x08001acf   Thumb Code    56  stm32f10x_spi.o(i.SPI_Init)
    SPI_ReadWriteByte                        0x08001b09   Thumb Code    48  nrf_func.o(i.SPI_ReadWriteByte)
    SVCHandler                               0x08001b3d   Thumb Code     2  stm32f10x_it.o(i.SVCHandler)
    SVC_Handler                              0x08001b3d   Thumb Code     0  stm32f10x_it.o(i.SVCHandler)
    SetBTABLE                                0x08001b41   Thumb Code    10  usb_regs.o(i.SetBTABLE)
    SetDeviceAddress                         0x08001b51   Thumb Code    52  usb_core.o(i.SetDeviceAddress)
    SetEPRxAddr                              0x08001b8d   Thumb Code    24  usb_regs.o(i.SetEPRxAddr)
    SetEPRxCount                             0x08001bad   Thumb Code    56  usb_regs.o(i.SetEPRxCount)
    SetEPRxStatus                            0x08001bed   Thumb Code    44  usb_regs.o(i.SetEPRxStatus)
    SetEPRxValid                             0x08001c1d   Thumb Code    28  usb_regs.o(i.SetEPRxValid)
    SetEPTxAddr                              0x08001c3d   Thumb Code    22  usb_regs.o(i.SetEPTxAddr)
    SetEPTxCount                             0x08001c5d   Thumb Code    20  usb_regs.o(i.SetEPTxCount)
    SetEPTxStatus                            0x08001c79   Thumb Code    44  usb_regs.o(i.SetEPTxStatus)
    SetEPTxValid                             0x08001ca9   Thumb Code    28  usb_regs.o(i.SetEPTxValid)
    SetEPType                                0x08001cc9   Thumb Code    26  usb_regs.o(i.SetEPType)
    Set_System                               0x08001ce9   Thumb Code   218  hw_config.o(i.Set_System)
    Set_USBClock                             0x08001dcd   Thumb Code    20  hw_config.o(i.Set_USBClock)
    Setup0_Process                           0x08001de1   Thumb Code    96  usb_core.o(i.Setup0_Process)
    Standard_ClearFeature                    0x08001e4d   Thumb Code   222  usb_core.o(i.Standard_ClearFeature)
    Standard_GetConfiguration                0x08001f41   Thumb Code    30  usb_core.o(i.Standard_GetConfiguration)
    Standard_GetDescriptorData               0x08001f69   Thumb Code    26  usb_core.o(i.Standard_GetDescriptorData)
    Standard_GetInterface                    0x08001f89   Thumb Code    30  usb_core.o(i.Standard_GetInterface)
    Standard_GetStatus                       0x08001fb1   Thumb Code   126  usb_core.o(i.Standard_GetStatus)
    Standard_SetConfiguration                0x08002041   Thumb Code    42  usb_core.o(i.Standard_SetConfiguration)
    Standard_SetDeviceFeature                0x08002079   Thumb Code    26  usb_core.o(i.Standard_SetDeviceFeature)
    Standard_SetEndPointFeature              0x0800209d   Thumb Code   116  usb_core.o(i.Standard_SetEndPointFeature)
    Standard_SetInterface                    0x08002121   Thumb Code    60  usb_core.o(i.Standard_SetInterface)
    Suspend                                  0x08002169   Thumb Code    26  usb_pwr.o(i.Suspend)
    SysTickHandler                           0x08002189   Thumb Code     2  stm32f10x_it.o(i.SysTickHandler)
    SysTick_Handler                          0x08002189   Thumb Code     0  stm32f10x_it.o(i.SysTickHandler)
    TAMPER_IRQHandler                        0x0800218b   Thumb Code     2  stm32f10x_it.o(i.TAMPER_IRQHandler)
    TIM1_BRK_IRQHandler                      0x0800218d   Thumb Code     2  stm32f10x_it.o(i.TIM1_BRK_IRQHandler)
    TIM1_CC_IRQHandler                       0x0800218f   Thumb Code     2  stm32f10x_it.o(i.TIM1_CC_IRQHandler)
    TIM1_TRG_COM_IRQHandler                  0x08002191   Thumb Code     2  stm32f10x_it.o(i.TIM1_TRG_COM_IRQHandler)
    TIM1_UP_IRQHandler                       0x08002193   Thumb Code     2  stm32f10x_it.o(i.TIM1_UP_IRQHandler)
    TIM2_IRQHandler                          0x08002195   Thumb Code     2  stm32f10x_it.o(i.TIM2_IRQHandler)
    TIM3_IRQHandler                          0x08002197   Thumb Code     2  stm32f10x_it.o(i.TIM3_IRQHandler)
    TIM4_IRQHandler                          0x08002199   Thumb Code     2  stm32f10x_it.o(i.TIM4_IRQHandler)
    TIM5_IRQHandler                          0x0800219b   Thumb Code     2  stm32f10x_it.o(i.TIM5_IRQHandler)
    TIM6_IRQHandler                          0x0800219d   Thumb Code     2  stm32f10x_it.o(i.TIM6_IRQHandler)
    TIM7_IRQHandler                          0x0800219f   Thumb Code     2  stm32f10x_it.o(i.TIM7_IRQHandler)
    TIM8_BRK_IRQHandler                      0x080021a1   Thumb Code     2  stm32f10x_it.o(i.TIM8_BRK_IRQHandler)
    TIM8_CC_IRQHandler                       0x080021a3   Thumb Code     2  stm32f10x_it.o(i.TIM8_CC_IRQHandler)
    TIM8_TRG_COM_IRQHandler                  0x080021a5   Thumb Code     2  stm32f10x_it.o(i.TIM8_TRG_COM_IRQHandler)
    TIM8_UP_IRQHandler                       0x080021a7   Thumb Code     2  stm32f10x_it.o(i.TIM8_UP_IRQHandler)
    TX_Mode                                  0x080021a9   Thumb Code    98  nrf_func.o(i.TX_Mode)
    UART4_IRQHandler                         0x08002215   Thumb Code     2  stm32f10x_it.o(i.UART4_IRQHandler)
    UART5_IRQHandler                         0x08002217   Thumb Code     2  stm32f10x_it.o(i.UART5_IRQHandler)
    USART1_IRQHandler                        0x08002219   Thumb Code     2  stm32f10x_it.o(i.USART1_IRQHandler)
    USART2_IRQHandler                        0x0800221b   Thumb Code     2  stm32f10x_it.o(i.USART2_IRQHandler)
    USART3_IRQHandler                        0x0800221d   Thumb Code     2  stm32f10x_it.o(i.USART3_IRQHandler)
    USART_Cmd                                0x0800221f   Thumb Code    20  stm32f10x_usart.o(i.USART_Cmd)
    USART_Configuration                      0x08002235   Thumb Code   140  main.o(i.USART_Configuration)
    USART_GetFlagStatus                      0x080022d9   Thumb Code    14  stm32f10x_usart.o(i.USART_GetFlagStatus)
    USART_Init                               0x080022e9   Thumb Code   130  stm32f10x_usart.o(i.USART_Init)
    USART_SendData                           0x08002371   Thumb Code     8  stm32f10x_usart.o(i.USART_SendData)
    USBWakeUp_IRQHandler                     0x08002379   Thumb Code     8  stm32f10x_it.o(i.USBWakeUp_IRQHandler)
    USB_Cable_Config                         0x08002381   Thumb Code    20  hw_config.o(i.USB_Cable_Config)
    USB_HP_CAN_TX_IRQHandler                 0x08002399   Thumb Code     2  stm32f10x_it.o(i.USB_HP_CAN_TX_IRQHandler)
    USB_Init                                 0x0800239d   Thumb Code    22  usb_init.o(i.USB_Init)
    USB_Interrupts_Config                    0x080023c5   Thumb Code   100  hw_config.o(i.USB_Interrupts_Config)
    USB_Istr                                 0x08002429   Thumb Code   182  usb_istr.o(i.USB_Istr)
    USB_LP_CAN_RX0_IRQHandler                0x080024f5   Thumb Code     4  stm32f10x_it.o(i.USB_LP_CAN_RX0_IRQHandler)
    UsageFaultException                      0x080024f9   Thumb Code     2  stm32f10x_it.o(i.UsageFaultException)
    UsageFault_Handler                       0x080024f9   Thumb Code     0  stm32f10x_it.o(i.UsageFaultException)
    UserToPMABufferCopy                      0x080024fd   Thumb Code    34  usb_mem.o(i.UserToPMABufferCopy)
    WWDG_IRQHandler                          0x08002525   Thumb Code     2  stm32f10x_it.o(i.WWDG_IRQHandler)
    __0printf$1                              0x08002529   Thumb Code    22  printf1.o(i.__0printf$1)
    __1printf$1                              0x08002529   Thumb Code     0  printf1.o(i.__0printf$1)
    __2printf                                0x08002529   Thumb Code     0  printf1.o(i.__0printf$1)
    __scatterload_copy                       0x08002549   Thumb Code    14  handlers.o(i.__scatterload_copy)
    __scatterload_null                       0x08002557   Thumb Code     2  handlers.o(i.__scatterload_null)
    __scatterload_zeroinit                   0x08002559   Thumb Code    14  handlers.o(i.__scatterload_zeroinit)
    filter                                   0x080026bd   Thumb Code    54  main.o(i.filter)
    fputc                                    0x080026f9   Thumb Code    30  main.o(i.fputc)
    main                                     0x0800271d   Thumb Code   188  main.o(i.main)
    Joystick_DeviceDescriptor                0x0800283c   Data          18  usb_desc.o(.constdata)
    Joystick_ConfigDescriptor                0x0800284e   Data          34  usb_desc.o(.constdata)
    Joystick_ReportDescriptor                0x08002870   Data          74  usb_desc.o(.constdata)
    Joystick_StringLangID                    0x080028ba   Data           4  usb_desc.o(.constdata)
    Joystick_StringVendor                    0x080028be   Data          38  usb_desc.o(.constdata)
    Joystick_StringProduct                   0x080028e4   Data          30  usb_desc.o(.constdata)
    TX_ADDRESS                               0x08002902   Data           5  nrf_func.o(.constdata)
    RX_ADDRESS                               0x08002907   Data           5  nrf_func.o(.constdata)
    Region$$Table$$Base                      0x08002920   Number         0  anon$$obj.o(Region$$Table)
    Region$$Table$$Limit                     0x08002940   Number         0  anon$$obj.o(Region$$Table)
    HSEStartUpStatus                         0x20000000   Data           1  hw_config.o(.data)
    EXTI_InitStructure                       0x20000004   Data           8  hw_config.o(.data)
    GPIO_InitStructure                       0x2000000c   Data           4  main.o(.data)
    Joystick_StringSerial                    0x20000010   Data          26  usb_desc.o(.data)
    bIntPackSOF                              0x2000002a   Data           1  usb_istr.o(.data)
    wIstr                                    0x2000002c   Data           2  usb_istr.o(.data)
    pEpInt_IN                                0x20000030   Data          28  usb_istr.o(.data)
    pEpInt_OUT                               0x2000004c   Data          28  usb_istr.o(.data)
    Device_Table                             0x20000068   Data           2  usb_prop.o(.data)
    ProtocolValue                            0x2000006c   Data           4  usb_prop.o(.data)
    Device_Descriptor                        0x20000070   Data           8  usb_prop.o(.data)
    Config_Descriptor                        0x20000078   Data           8  usb_prop.o(.data)
    Joystick_Report_Descriptor               0x20000080   Data           8  usb_prop.o(.data)
    Mouse_Hid_Descriptor                     0x20000088   Data           8  usb_prop.o(.data)
    Device_Property                          0x20000090   Data          48  usb_prop.o(.data)
    String_Descriptor                        0x200000c0   Data          32  usb_prop.o(.data)
    User_Standard_Requests                   0x200000e0   Data          36  usb_prop.o(.data)
    bDeviceState                             0x20000104   Data           4  usb_pwr.o(.data)
    fSuspendEnabled                          0x20000108   Data           1  usb_pwr.o(.data)
    ResumeS                                  0x20000109   Data           2  usb_pwr.o(.data)
    Data_Mul_MaxPacketSize                   0x2000010c   Data           1  usb_core.o(.data)
    StatusInfo                               0x2000010e   Data           2  usb_core.o(.data)
    EPindex                                  0x20000110   Data           1  usb_init.o(.data)
    pInformation                             0x20000114   Data           4  usb_init.o(.data)
    pProperty                                0x20000118   Data           4  usb_init.o(.data)
    pUser_Standard_Requests                  0x2000011c   Data           4  usb_init.o(.data)
    wInterrupt_Mask                          0x20000120   Data           2  usb_init.o(.data)
    SaveRState                               0x20000122   Data           2  usb_int.o(.data)
    SaveTState                               0x20000124   Data           2  usb_int.o(.data)
    __stdout                                 0x20000130   Data           4  stdout.o(.data)
    USART_InitStructure                      0x20000134   Data          16  main.o(.bss)
    ADC_InitSturature                        0x20000144   Data          20  main.o(.bss)
    DMA_InitStructure                        0x20000158   Data          44  main.o(.bss)
    AD_Value                                 0x20000184   Data         800  main.o(.bss)
    After_filter                             0x200004a4   Data          16  main.o(.bss)
    Device_Info                              0x200004b4   Data          28  usb_init.o(.bss)
    __initial_sp                             0x200008d0   Data           0  stm32f10x_vector.o(STACK)



==============================================================================

Memory Map of the image

  Image Entry point : 0x08000131

  Load Region LR_IROM1 (Base: 0x08000000, Size: 0x00002a74, Max: 0x00080000, ABSOLUTE, COMPRESSED[0x000029bc])

    Execution Region ER_IROM1 (Base: 0x08000000, Size: 0x00002940, Max: 0x00080000, ABSOLUTE)

    Base Addr    Size         Type   Attr      Idx    E Section Name        Object

    0x08000000   0x00000130   Data   RO         1551    RESET               stm32f10x_vector.o
    0x08000130   0x00000000   Code   RO         2959  * .ARM.Collect$$$$00000000  mc_w.l(entry.o)(mc_w.l)
    0x08000130   0x00000004   Code   RO         3227    .ARM.Collect$$$$00000001  mc_w.l(entry2.o)(mc_w.l)
    0x08000134   0x00000004   Code   RO         3230    .ARM.Collect$$$$00000004  mc_w.l(entry5.o)(mc_w.l)
    0x08000138   0x00000008   Code   RO         3231    .ARM.Collect$$$$00000007  mc_w.l(entry7.o)(mc_w.l)
    0x08000140   0x00000004   Code   RO         3228    .ARM.Collect$$$$00002712  mc_w.l(entry2.o)(mc_w.l)
    0x08000144   0x00000008   Code   RO         1552    .text               stm32f10x_vector.o
    0x0800014c   0x0000007a   Code   RO         2955    .text               STM32F10xR.LIB(cortexm3_macro.o)(STM32F10xR.LIB)
    0x080001c6   0x00000024   Code   RO         2962    .text               mc_w.l(memcpya.o)(mc_w.l)
    0x080001ea   0x0000002c   Code   RO         3233    .text               mc_w.l(uidiv.o)(mc_w.l)
    0x08000216   0x00000002   PAD
    0x08000218   0x00000024   Code   RO         3248    .text               mc_w.l(init.o)(mc_w.l)
    0x0800023c   0x0000005c   Code   RO         3266    .text               mc_w.l(__dczerorl2.o)(mc_w.l)
    0x08000298   0x00000002   Code   RO          267    i.ADC1_2_IRQHandler  stm32f10x_it.o
    0x0800029a   0x00000002   Code   RO          268    i.ADC3_IRQHandler   stm32f10x_it.o
    0x0800029c   0x00000014   Code   RO         1560    i.ADC_Cmd           STM32F10xR.LIB(stm32f10x_adc.o)(STM32F10xR.LIB)
    0x080002b0   0x0000014c   Code   RO          201    i.ADC_Configuration  main.o
    0x080003fc   0x00000014   Code   RO         1561    i.ADC_DMACmd        STM32F10xR.LIB(stm32f10x_adc.o)(STM32F10xR.LIB)
    0x08000410   0x0000003c   Code   RO         1557    i.ADC_DeInit        STM32F10xR.LIB(stm32f10x_adc.o)(STM32F10xR.LIB)
    0x0800044c   0x0000000e   Code   RO         1566    i.ADC_GetCalibrationStatus  STM32F10xR.LIB(stm32f10x_adc.o)(STM32F10xR.LIB)
    0x0800045a   0x0000000e   Code   RO         1564    i.ADC_GetResetCalibrationStatus  STM32F10xR.LIB(stm32f10x_adc.o)(STM32F10xR.LIB)
    0x08000468   0x00000048   Code   RO         1558    i.ADC_Init          STM32F10xR.LIB(stm32f10x_adc.o)(STM32F10xR.LIB)
    0x080004b0   0x00000074   Code   RO         1571    i.ADC_RegularChannelConfig  STM32F10xR.LIB(stm32f10x_adc.o)(STM32F10xR.LIB)
    0x08000524   0x0000000a   Code   RO         1563    i.ADC_ResetCalibration  STM32F10xR.LIB(stm32f10x_adc.o)(STM32F10xR.LIB)
    0x0800052e   0x00000014   Code   RO         1567    i.ADC_SoftwareStartConvCmd  STM32F10xR.LIB(stm32f10x_adc.o)(STM32F10xR.LIB)
    0x08000542   0x0000000a   Code   RO         1565    i.ADC_StartCalibration  STM32F10xR.LIB(stm32f10x_adc.o)(STM32F10xR.LIB)
    0x0800054c   0x00000002   Code   RO          269    i.BusFaultException  stm32f10x_it.o
    0x0800054e   0x0000000a   Code   RO          996    i.ByteSwap          usb_regs.o
    0x08000558   0x00000002   Code   RO          270    i.CAN_RX1_IRQHandler  stm32f10x_it.o
    0x0800055a   0x00000002   Code   RO          271    i.CAN_SCE_IRQHandler  stm32f10x_it.o
    0x0800055c   0x00000194   Code   RO         1502    i.CTR_LP            usb_int.o
    0x080006f0   0x00000028   Code   RO          997    i.ClearDTOG_RX      usb_regs.o
    0x08000718   0x00000028   Code   RO          998    i.ClearDTOG_TX      usb_regs.o
    0x08000740   0x0000001c   Code   RO         1003    i.Clear_Status_Out  usb_regs.o
    0x0800075c   0x00000002   Code   RO          272    i.DMA1_Channel1_IRQHandler  stm32f10x_it.o
    0x0800075e   0x00000002   Code   RO          273    i.DMA1_Channel2_IRQHandler  stm32f10x_it.o
    0x08000760   0x00000002   Code   RO          274    i.DMA1_Channel3_IRQHandler  stm32f10x_it.o
    0x08000762   0x00000002   Code   RO          275    i.DMA1_Channel4_IRQHandler  stm32f10x_it.o
    0x08000764   0x00000002   Code   RO          276    i.DMA1_Channel5_IRQHandler  stm32f10x_it.o
    0x08000766   0x00000002   Code   RO          277    i.DMA1_Channel6_IRQHandler  stm32f10x_it.o
    0x08000768   0x00000002   Code   RO          278    i.DMA1_Channel7_IRQHandler  stm32f10x_it.o
    0x0800076a   0x00000002   Code   RO          279    i.DMA2_Channel1_IRQHandler  stm32f10x_it.o
    0x0800076c   0x00000002   Code   RO          280    i.DMA2_Channel2_IRQHandler  stm32f10x_it.o
    0x0800076e   0x00000002   Code   RO          281    i.DMA2_Channel3_IRQHandler  stm32f10x_it.o
    0x08000770   0x00000002   Code   RO          282    i.DMA2_Channel4_5_IRQHandler  stm32f10x_it.o
    0x08000772   0x00000014   Code   RO         1801    i.DMA_Cmd           STM32F10xR.LIB(stm32f10x_dma.o)(STM32F10xR.LIB)
    0x08000786   0x00000002   PAD
    0x08000788   0x000000e0   Code   RO         1798    i.DMA_DeInit        STM32F10xR.LIB(stm32f10x_dma.o)(STM32F10xR.LIB)
    0x08000868   0x0000003a   Code   RO         1799    i.DMA_Init          STM32F10xR.LIB(stm32f10x_dma.o)(STM32F10xR.LIB)
    0x080008a2   0x00000002   PAD
    0x080008a4   0x000000bc   Code   RO         1356    i.DataStageIn       usb_core.o
    0x08000960   0x000000a8   Code   RO         1357    i.DataStageOut      usb_core.o
    0x08000a08   0x0000019c   Code   RO         1358    i.Data_Setup0       usb_core.o
    0x08000ba4   0x00000002   Code   RO          283    i.DebugMonitor      stm32f10x_it.o
    0x08000ba6   0x0000000a   Code   RO          202    i.Delay             main.o
    0x08000bb0   0x00000002   Code   RO          284    i.EXTI0_IRQHandler  stm32f10x_it.o
    0x08000bb2   0x00000002   Code   RO          285    i.EXTI15_10_IRQHandler  stm32f10x_it.o
    0x08000bb4   0x00000002   Code   RO          286    i.EXTI1_IRQHandler  stm32f10x_it.o
    0x08000bb6   0x00000002   Code   RO          287    i.EXTI2_IRQHandler  stm32f10x_it.o
    0x08000bb8   0x00000002   Code   RO          288    i.EXTI3_IRQHandler  stm32f10x_it.o
    0x08000bba   0x00000002   Code   RO          289    i.EXTI4_IRQHandler  stm32f10x_it.o
    0x08000bbc   0x00000030   Code   RO          290    i.EXTI9_5_IRQHandler  stm32f10x_it.o
    0x08000bec   0x0000000c   Code   RO         1874    i.EXTI_ClearITPendingBit  STM32F10xR.LIB(stm32f10x_exti.o)(STM32F10xR.LIB)
    0x08000bf8   0x0000001c   Code   RO         1873    i.EXTI_GetITStatus  STM32F10xR.LIB(stm32f10x_exti.o)(STM32F10xR.LIB)
    0x08000c14   0x0000008c   Code   RO         1868    i.EXTI_Init         STM32F10xR.LIB(stm32f10x_exti.o)(STM32F10xR.LIB)
    0x08000ca0   0x00000020   Code   RO            1    i.Enter_LowPowerMode  hw_config.o
    0x08000cc0   0x00000002   Code   RO          291    i.FLASH_IRQHandler  stm32f10x_it.o
    0x08000cc2   0x00000002   PAD
    0x08000cc4   0x00000018   Code   RO         1926    i.FLASH_PrefetchBufferCmd  STM32F10xR.LIB(stm32f10x_flash.o)(STM32F10xR.LIB)
    0x08000cdc   0x00000018   Code   RO         1924    i.FLASH_SetLatency  STM32F10xR.LIB(stm32f10x_flash.o)(STM32F10xR.LIB)
    0x08000cf4   0x00000002   Code   RO          292    i.FSMC_IRQHandler   stm32f10x_it.o
    0x08000cf6   0x00000002   PAD
    0x08000cf8   0x00000028   Code   RO         2089    i.GPIO_EXTILineConfig  STM32F10xR.LIB(stm32f10x_gpio.o)(STM32F10xR.LIB)
    0x08000d20   0x000000a0   Code   RO         2075    i.GPIO_Init         STM32F10xR.LIB(stm32f10x_gpio.o)(STM32F10xR.LIB)
    0x08000dc0   0x00000048   Code   RO         2088    i.GPIO_PinRemapConfig  STM32F10xR.LIB(stm32f10x_gpio.o)(STM32F10xR.LIB)
    0x08000e08   0x00000004   Code   RO         2082    i.GPIO_ResetBits    STM32F10xR.LIB(stm32f10x_gpio.o)(STM32F10xR.LIB)
    0x08000e0c   0x00000004   Code   RO         2081    i.GPIO_SetBits      STM32F10xR.LIB(stm32f10x_gpio.o)(STM32F10xR.LIB)
    0x08000e10   0x00000020   Code   RO         1015    i.GetEPRxAddr       usb_regs.o
    0x08000e30   0x0000001c   Code   RO         1018    i.GetEPTxAddr       usb_regs.o
    0x08000e4c   0x0000000a   Code   RO          203    i.GetVolt           main.o
    0x08000e56   0x00000002   PAD
    0x08000e58   0x00000054   Code   RO            3    i.Get_SerialNum     hw_config.o
    0x08000eac   0x00000002   Code   RO          293    i.HardFaultException  stm32f10x_it.o
    0x08000eae   0x00000002   Code   RO          294    i.I2C1_ER_IRQHandler  stm32f10x_it.o
    0x08000eb0   0x00000002   Code   RO          295    i.I2C1_EV_IRQHandler  stm32f10x_it.o
    0x08000eb2   0x00000002   Code   RO          296    i.I2C2_ER_IRQHandler  stm32f10x_it.o
    0x08000eb4   0x00000002   Code   RO          297    i.I2C2_EV_IRQHandler  stm32f10x_it.o
    0x08000eb6   0x00000002   PAD
    0x08000eb8   0x0000005c   Code   RO         1359    i.In0_Process       usb_core.o
    0x08000f14   0x00000048   Code   RO            4    i.JoyState          hw_config.o
    0x08000f5c   0x0000005c   Code   RO          753    i.Joystick_Data_Setup  usb_prop.o
    0x08000fb8   0x0000000c   Code   RO          754    i.Joystick_GetConfigDescriptor  usb_prop.o
    0x08000fc4   0x0000000c   Code   RO          755    i.Joystick_GetDeviceDescriptor  usb_prop.o
    0x08000fd0   0x0000000c   Code   RO          756    i.Joystick_GetHIDDescriptor  usb_prop.o
    0x08000fdc   0x0000001c   Code   RO          757    i.Joystick_GetProtocolValue  usb_prop.o
    0x08000ff8   0x0000000c   Code   RO          758    i.Joystick_GetReportDescriptor  usb_prop.o
    0x08001004   0x00000020   Code   RO          759    i.Joystick_GetStringDescriptor  usb_prop.o
    0x08001024   0x0000000a   Code   RO          760    i.Joystick_Get_Interface_Setting  usb_prop.o
    0x0800102e   0x00000002   PAD
    0x08001030   0x00000020   Code   RO          761    i.Joystick_NoData_Setup  usb_prop.o
    0x08001050   0x000000a0   Code   RO          762    i.Joystick_Reset    usb_prop.o
    0x080010f0   0x0000004a   Code   RO            5    i.Joystick_Send     hw_config.o
    0x0800113a   0x00000002   PAD
    0x0800113c   0x00000018   Code   RO          763    i.Joystick_SetConfiguration  usb_prop.o
    0x08001154   0x0000000c   Code   RO          764    i.Joystick_SetDeviceAddress  usb_prop.o
    0x08001160   0x00000018   Code   RO          765    i.Joystick_SetProtocol  usb_prop.o
    0x08001178   0x00000002   Code   RO          766    i.Joystick_Status_In  usb_prop.o
    0x0800117a   0x00000002   Code   RO          767    i.Joystick_Status_Out  usb_prop.o
    0x0800117c   0x00000038   Code   RO          768    i.Joystick_init     usb_prop.o
    0x080011b4   0x00000060   Code   RO            6    i.Leave_LowPowerMode  hw_config.o
    0x08001214   0x00000002   Code   RO          298    i.MemManageException  stm32f10x_it.o
    0x08001216   0x00000002   Code   RO          299    i.NMIException      stm32f10x_it.o
    0x08001218   0x00000002   Code   RO         1360    i.NOP_Process       usb_core.o
    0x0800121a   0x00000002   PAD
    0x0800121c   0x00000058   Code   RO          916    i.NRF24L01_Check    nrf_func.o
    0x08001274   0x00000020   Code   RO          917    i.NRF24L01_Init     nrf_func.o
    0x08001294   0x00000048   Code   RO          918    i.NRF24L01_Read_Buf  nrf_func.o
    0x080012dc   0x00000030   Code   RO          919    i.NRF24L01_Read_Reg  nrf_func.o
    0x0800130c   0x00000060   Code   RO          921    i.NRF24L01_TxPacket  nrf_func.o
    0x0800136c   0x0000004c   Code   RO          922    i.NRF24L01_Write_Buf  nrf_func.o
    0x080013b8   0x00000038   Code   RO          923    i.NRF24L01_Write_Reg  nrf_func.o
    0x080013f0   0x00000074   Code   RO         2187    i.NVIC_Init         STM32F10xR.LIB(stm32f10x_nvic.o)(STM32F10xR.LIB)
    0x08001464   0x00000014   Code   RO         2186    i.NVIC_PriorityGroupConfig  STM32F10xR.LIB(stm32f10x_nvic.o)(STM32F10xR.LIB)
    0x08001478   0x00000014   Code   RO         2202    i.NVIC_SetVectorTable  STM32F10xR.LIB(stm32f10x_nvic.o)(STM32F10xR.LIB)
    0x0800148c   0x000000dc   Code   RO         1361    i.NoData_Setup0     usb_core.o
    0x08001568   0x00000040   Code   RO         1362    i.Out0_Process      usb_core.o
    0x080015a8   0x00000020   Code   RO         1531    i.PMAToUserBufferCopy  usb_mem.o
    0x080015c8   0x00000002   Code   RO          300    i.PVD_IRQHandler    stm32f10x_it.o
    0x080015ca   0x00000002   PAD
    0x080015cc   0x0000002c   Code   RO         2378    i.PWR_EnterSTOPMode  STM32F10xR.LIB(stm32f10x_pwr.o)(STM32F10xR.LIB)
    0x080015f8   0x00000002   Code   RO          301    i.PendSVC           stm32f10x_it.o
    0x080015fa   0x00000002   PAD
    0x080015fc   0x00000040   Code   RO         1363    i.Post0_Process     usb_core.o
    0x0800163c   0x00000030   Code   RO          873    i.PowerOn           usb_pwr.o
    0x0800166c   0x00000014   Code   RO         2451    i.RCC_ADCCLKConfig  STM32F10xR.LIB(stm32f10x_rcc.o)(STM32F10xR.LIB)
    0x08001680   0x00000018   Code   RO         2457    i.RCC_AHBPeriphClockCmd  STM32F10xR.LIB(stm32f10x_rcc.o)(STM32F10xR.LIB)
    0x08001698   0x00000018   Code   RO         2459    i.RCC_APB1PeriphClockCmd  STM32F10xR.LIB(stm32f10x_rcc.o)(STM32F10xR.LIB)
    0x080016b0   0x00000018   Code   RO         2461    i.RCC_APB1PeriphResetCmd  STM32F10xR.LIB(stm32f10x_rcc.o)(STM32F10xR.LIB)
    0x080016c8   0x00000018   Code   RO         2458    i.RCC_APB2PeriphClockCmd  STM32F10xR.LIB(stm32f10x_rcc.o)(STM32F10xR.LIB)
    0x080016e0   0x00000018   Code   RO         2460    i.RCC_APB2PeriphResetCmd  STM32F10xR.LIB(stm32f10x_rcc.o)(STM32F10xR.LIB)
    0x080016f8   0x0000003c   Code   RO         2436    i.RCC_DeInit        STM32F10xR.LIB(stm32f10x_rcc.o)(STM32F10xR.LIB)
    0x08001734   0x00000094   Code   RO         2456    i.RCC_GetClocksFreq  STM32F10xR.LIB(stm32f10x_rcc.o)(STM32F10xR.LIB)
    0x080017c8   0x00000030   Code   RO         2438    i.RCC_GetFlagStatus  STM32F10xR.LIB(stm32f10x_rcc.o)(STM32F10xR.LIB)
    0x080017f8   0x00000010   Code   RO         2445    i.RCC_GetSYSCLKSource  STM32F10xR.LIB(stm32f10x_rcc.o)(STM32F10xR.LIB)
    0x08001808   0x00000014   Code   RO         2446    i.RCC_HCLKConfig    STM32F10xR.LIB(stm32f10x_rcc.o)(STM32F10xR.LIB)
    0x0800181c   0x00000034   Code   RO         2437    i.RCC_HSEConfig     STM32F10xR.LIB(stm32f10x_rcc.o)(STM32F10xR.LIB)
    0x08001850   0x00000002   Code   RO          302    i.RCC_IRQHandler    stm32f10x_it.o
    0x08001852   0x00000002   PAD
    0x08001854   0x00000014   Code   RO         2447    i.RCC_PCLK1Config   STM32F10xR.LIB(stm32f10x_rcc.o)(STM32F10xR.LIB)
    0x08001868   0x00000014   Code   RO         2448    i.RCC_PCLK2Config   STM32F10xR.LIB(stm32f10x_rcc.o)(STM32F10xR.LIB)
    0x0800187c   0x0000000c   Code   RO         2443    i.RCC_PLLCmd        STM32F10xR.LIB(stm32f10x_rcc.o)(STM32F10xR.LIB)
    0x08001888   0x00000014   Code   RO         2442    i.RCC_PLLConfig     STM32F10xR.LIB(stm32f10x_rcc.o)(STM32F10xR.LIB)
    0x0800189c   0x00000014   Code   RO         2444    i.RCC_SYSCLKConfig  STM32F10xR.LIB(stm32f10x_rcc.o)(STM32F10xR.LIB)
    0x080018b0   0x0000000c   Code   RO         2450    i.RCC_USBCLKConfig  STM32F10xR.LIB(stm32f10x_rcc.o)(STM32F10xR.LIB)
    0x080018bc   0x00000034   Code   RO         2439    i.RCC_WaitForHSEStartUp  STM32F10xR.LIB(stm32f10x_rcc.o)(STM32F10xR.LIB)
    0x080018f0   0x00000002   Code   RO          303    i.RTCAlarm_IRQHandler  stm32f10x_it.o
    0x080018f2   0x00000002   Code   RO          304    i.RTC_IRQHandler    stm32f10x_it.o
    0x080018f4   0x00000084   Code   RO          874    i.Resume            usb_pwr.o
    0x08001978   0x00000020   Code   RO          875    i.Resume_Init       usb_pwr.o
    0x08001998   0x00000002   Code   RO          305    i.SDIO_IRQHandler   stm32f10x_it.o
    0x0800199a   0x00000002   Code   RO          306    i.SPI1_IRQHandler   stm32f10x_it.o
    0x0800199c   0x00000002   Code   RO          307    i.SPI2_IRQHandler   stm32f10x_it.o
    0x0800199e   0x00000002   Code   RO          308    i.SPI3_IRQHandler   stm32f10x_it.o
    0x080019a0   0x00000014   Code   RO         2642    i.SPI_Cmd           STM32F10xR.LIB(stm32f10x_spi.o)(STM32F10xR.LIB)
    0x080019b4   0x000000b8   Code   RO          204    i.SPI_Configuration  main.o
    0x08001a6c   0x0000004c   Code   RO         2637    i.SPI_I2S_DeInit    STM32F10xR.LIB(stm32f10x_spi.o)(STM32F10xR.LIB)
    0x08001ab8   0x0000000e   Code   RO         2656    i.SPI_I2S_GetFlagStatus  STM32F10xR.LIB(stm32f10x_spi.o)(STM32F10xR.LIB)
    0x08001ac6   0x00000004   Code   RO         2647    i.SPI_I2S_ReceiveData  STM32F10xR.LIB(stm32f10x_spi.o)(STM32F10xR.LIB)
    0x08001aca   0x00000004   Code   RO         2646    i.SPI_I2S_SendData  STM32F10xR.LIB(stm32f10x_spi.o)(STM32F10xR.LIB)
    0x08001ace   0x00000038   Code   RO         2638    i.SPI_Init          STM32F10xR.LIB(stm32f10x_spi.o)(STM32F10xR.LIB)
    0x08001b06   0x00000002   PAD
    0x08001b08   0x00000034   Code   RO          925    i.SPI_ReadWriteByte  nrf_func.o
    0x08001b3c   0x00000002   Code   RO          309    i.SVCHandler        stm32f10x_it.o
    0x08001b3e   0x00000002   PAD
    0x08001b40   0x00000010   Code   RO         1026    i.SetBTABLE         usb_regs.o
    0x08001b50   0x0000003c   Code   RO         1364    i.SetDeviceAddress  usb_core.o
    0x08001b8c   0x00000020   Code   RO         1040    i.SetEPRxAddr       usb_regs.o
    0x08001bac   0x00000040   Code   RO         1041    i.SetEPRxCount      usb_regs.o
    0x08001bec   0x00000030   Code   RO         1042    i.SetEPRxStatus     usb_regs.o
    0x08001c1c   0x00000020   Code   RO         1043    i.SetEPRxValid      usb_regs.o
    0x08001c3c   0x00000020   Code   RO         1044    i.SetEPTxAddr       usb_regs.o
    0x08001c5c   0x0000001c   Code   RO         1045    i.SetEPTxCount      usb_regs.o
    0x08001c78   0x00000030   Code   RO         1046    i.SetEPTxStatus     usb_regs.o
    0x08001ca8   0x00000020   Code   RO         1047    i.SetEPTxValid      usb_regs.o
    0x08001cc8   0x00000020   Code   RO         1048    i.SetEPType         usb_regs.o
    0x08001ce8   0x000000e4   Code   RO            7    i.Set_System        hw_config.o
    0x08001dcc   0x00000014   Code   RO            8    i.Set_USBClock      hw_config.o
    0x08001de0   0x0000006c   Code   RO         1365    i.Setup0_Process    usb_core.o
    0x08001e4c   0x000000f4   Code   RO         1366    i.Standard_ClearFeature  usb_core.o
    0x08001f40   0x00000028   Code   RO         1367    i.Standard_GetConfiguration  usb_core.o
    0x08001f68   0x00000020   Code   RO         1368    i.Standard_GetDescriptorData  usb_core.o
    0x08001f88   0x00000028   Code   RO         1369    i.Standard_GetInterface  usb_core.o
    0x08001fb0   0x00000090   Code   RO         1370    i.Standard_GetStatus  usb_core.o
    0x08002040   0x00000038   Code   RO         1371    i.Standard_SetConfiguration  usb_core.o
    0x08002078   0x00000024   Code   RO         1372    i.Standard_SetDeviceFeature  usb_core.o
    0x0800209c   0x00000084   Code   RO         1373    i.Standard_SetEndPointFeature  usb_core.o
    0x08002120   0x00000048   Code   RO         1374    i.Standard_SetInterface  usb_core.o
    0x08002168   0x00000020   Code   RO          876    i.Suspend           usb_pwr.o
    0x08002188   0x00000002   Code   RO          310    i.SysTickHandler    stm32f10x_it.o
    0x0800218a   0x00000002   Code   RO          311    i.TAMPER_IRQHandler  stm32f10x_it.o
    0x0800218c   0x00000002   Code   RO          312    i.TIM1_BRK_IRQHandler  stm32f10x_it.o
    0x0800218e   0x00000002   Code   RO          313    i.TIM1_CC_IRQHandler  stm32f10x_it.o
    0x08002190   0x00000002   Code   RO          314    i.TIM1_TRG_COM_IRQHandler  stm32f10x_it.o
    0x08002192   0x00000002   Code   RO          315    i.TIM1_UP_IRQHandler  stm32f10x_it.o
    0x08002194   0x00000002   Code   RO          316    i.TIM2_IRQHandler   stm32f10x_it.o
    0x08002196   0x00000002   Code   RO          317    i.TIM3_IRQHandler   stm32f10x_it.o
    0x08002198   0x00000002   Code   RO          318    i.TIM4_IRQHandler   stm32f10x_it.o
    0x0800219a   0x00000002   Code   RO          319    i.TIM5_IRQHandler   stm32f10x_it.o
    0x0800219c   0x00000002   Code   RO          320    i.TIM6_IRQHandler   stm32f10x_it.o
    0x0800219e   0x00000002   Code   RO          321    i.TIM7_IRQHandler   stm32f10x_it.o
    0x080021a0   0x00000002   Code   RO          322    i.TIM8_BRK_IRQHandler  stm32f10x_it.o
    0x080021a2   0x00000002   Code   RO          323    i.TIM8_CC_IRQHandler  stm32f10x_it.o
    0x080021a4   0x00000002   Code   RO          324    i.TIM8_TRG_COM_IRQHandler  stm32f10x_it.o
    0x080021a6   0x00000002   Code   RO          325    i.TIM8_UP_IRQHandler  stm32f10x_it.o
    0x080021a8   0x0000006c   Code   RO          927    i.TX_Mode           nrf_func.o
    0x08002214   0x00000002   Code   RO          326    i.UART4_IRQHandler  stm32f10x_it.o
    0x08002216   0x00000002   Code   RO          327    i.UART5_IRQHandler  stm32f10x_it.o
    0x08002218   0x00000002   Code   RO          328    i.USART1_IRQHandler  stm32f10x_it.o
    0x0800221a   0x00000002   Code   RO          329    i.USART2_IRQHandler  stm32f10x_it.o
    0x0800221c   0x00000002   Code   RO          330    i.USART3_IRQHandler  stm32f10x_it.o
    0x0800221e   0x00000014   Code   RO         2789    i.USART_Cmd         STM32F10xR.LIB(stm32f10x_usart.o)(STM32F10xR.LIB)
    0x08002232   0x00000002   PAD
    0x08002234   0x000000a4   Code   RO          205    i.USART_Configuration  main.o
    0x080022d8   0x0000000e   Code   RO         2807    i.USART_GetFlagStatus  STM32F10xR.LIB(stm32f10x_usart.o)(STM32F10xR.LIB)
    0x080022e6   0x00000002   PAD
    0x080022e8   0x00000088   Code   RO         2785    i.USART_Init        STM32F10xR.LIB(stm32f10x_usart.o)(STM32F10xR.LIB)
    0x08002370   0x00000008   Code   RO         2797    i.USART_SendData    STM32F10xR.LIB(stm32f10x_usart.o)(STM32F10xR.LIB)
    0x08002378   0x00000008   Code   RO          331    i.USBWakeUp_IRQHandler  stm32f10x_it.o
    0x08002380   0x00000018   Code   RO            9    i.USB_Cable_Config  hw_config.o
    0x08002398   0x00000002   Code   RO          332    i.USB_HP_CAN_TX_IRQHandler  stm32f10x_it.o
    0x0800239a   0x00000002   PAD
    0x0800239c   0x00000028   Code   RO         1475    i.USB_Init          usb_init.o
    0x080023c4   0x00000064   Code   RO           10    i.USB_Interrupts_Config  hw_config.o
    0x08002428   0x000000cc   Code   RO          726    i.USB_Istr          usb_istr.o
    0x080024f4   0x00000004   Code   RO          333    i.USB_LP_CAN_RX0_IRQHandler  stm32f10x_it.o
    0x080024f8   0x00000002   Code   RO          334    i.UsageFaultException  stm32f10x_it.o
    0x080024fa   0x00000002   PAD
    0x080024fc   0x00000028   Code   RO         1532    i.UserToPMABufferCopy  usb_mem.o
    0x08002524   0x00000002   Code   RO          335    i.WWDG_IRQHandler   stm32f10x_it.o
    0x08002526   0x00000002   PAD
    0x08002528   0x00000020   Code   RO         3011    i.__0printf$1       mc_w.l(printf1.o)(mc_w.l)
    0x08002548   0x0000000e   Code   RO         3260    i.__scatterload_copy  mc_w.l(handlers.o)(mc_w.l)
    0x08002556   0x00000002   Code   RO         3261    i.__scatterload_null  mc_w.l(handlers.o)(mc_w.l)
    0x08002558   0x0000000e   Code   RO         3262    i.__scatterload_zeroinit  mc_w.l(handlers.o)(mc_w.l)
    0x08002566   0x00000002   PAD
    0x08002568   0x00000154   Code   RO         3018    i._printf_core      mc_w.l(printf1.o)(mc_w.l)
    0x080026bc   0x0000003c   Code   RO          206    i.filter            main.o
    0x080026f8   0x00000024   Code   RO          207    i.fputc             main.o
    0x0800271c   0x00000120   Code   RO          208    i.main              main.o
    0x0800283c   0x00000012   Data   RO          693    .constdata          usb_desc.o
    0x0800284e   0x00000022   Data   RO          694    .constdata          usb_desc.o
    0x08002870   0x0000004a   Data   RO          695    .constdata          usb_desc.o
    0x080028ba   0x00000004   Data   RO          696    .constdata          usb_desc.o
    0x080028be   0x00000026   Data   RO          697    .constdata          usb_desc.o
    0x080028e4   0x0000001e   Data   RO          698    .constdata          usb_desc.o
    0x08002902   0x0000000a   Data   RO          928    .constdata          nrf_func.o
    0x0800290c   0x00000014   Data   RO         2469    .constdata          STM32F10xR.LIB(stm32f10x_rcc.o)(STM32F10xR.LIB)
    0x08002920   0x00000020   Data   RO         3258    Region$$Table       anon$$obj.o


    Execution Region RW_IRAM1 (Base: 0x20000000, Size: 0x000008d0, Max: 0x00010000, ABSOLUTE, COMPRESSED[0x0000007c])

    Base Addr    Size         Type   Attr      Idx    E Section Name        Object

    0x20000000   0x0000000c   Data   RW           11    .data               hw_config.o
    0x2000000c   0x00000004   Data   RW          211    .data               main.o
    0x20000010   0x0000001a   Data   RW          699    .data               usb_desc.o
    0x2000002a   0x00000004   Data   RW          727    .data               usb_istr.o
    0x2000002e   0x00000002   PAD
    0x20000030   0x0000001c   Data   RW          728    .data               usb_istr.o
    0x2000004c   0x0000001c   Data   RW          729    .data               usb_istr.o
    0x20000068   0x00000002   Data   RW          769    .data               usb_prop.o
    0x2000006a   0x00000002   PAD
    0x2000006c   0x00000074   Data   RW          770    .data               usb_prop.o
    0x200000e0   0x00000024   Data   RW          771    .data               usb_prop.o
    0x20000104   0x00000004   Data   RW          877    .data               usb_pwr.o
    0x20000108   0x00000001   Data   RW          878    .data               usb_pwr.o
    0x20000109   0x00000002   Data   RW          879    .data               usb_pwr.o
    0x2000010b   0x00000001   PAD
    0x2000010c   0x00000004   Data   RW         1375    .data               usb_core.o
    0x20000110   0x00000001   Data   RW         1477    .data               usb_init.o
    0x20000111   0x00000003   PAD
    0x20000114   0x0000000c   Data   RW         1478    .data               usb_init.o
    0x20000120   0x00000002   Data   RW         1480    .data               usb_init.o
    0x20000122   0x00000004   Data   RW         1503    .data               usb_int.o
    0x20000126   0x00000002   PAD
    0x20000128   0x00000008   Data   RW         2468    .data               STM32F10xR.LIB(stm32f10x_rcc.o)(STM32F10xR.LIB)
    0x20000130   0x00000004   Data   RW         3232    .data               mc_w.l(stdout.o)(mc_w.l)
    0x20000134   0x00000380   Zero   RW          209    .bss                main.o
    0x200004b4   0x0000001c   Zero   RW         1476    .bss                usb_init.o
    0x200004d0   0x00000400   Zero   RW         1549    STACK               stm32f10x_vector.o


==============================================================================

Image component sizes


      Code (inc. data)   RO Data    RW Data    ZI Data      Debug   Object Name

       730         44          0         12          0          0   hw_config.o
      1084        174          0          4        896          0   main.o
       628         68         10          0          0          0   nrf_func.o
       192          4          0          0          0          0   stm32f10x_it.o
         8          4        304          0       1024          0   stm32f10x_vector.o
      2174        280          0          4          0          0   usb_core.o
         0          0        198         26          0          0   usb_desc.o
        40         18          0         15         28          0   usb_init.o
       404         24          0          4          0          0   usb_int.o
       204         22          0         60          0          0   usb_istr.o
        72         12          0          0          0          0   usb_mem.o
       522        124          0        154          0          0   usb_prop.o
       244         36          0          7          0          0   usb_pwr.o
       542         92          0          0          0          0   usb_regs.o

    ----------------------------------------------------------------------
      6872        902        544        296       1948          0   Object Totals
         0          0         32          0          0          0   (incl. Generated)
        28          0          0         10          0          1   (incl. Padding)

    ----------------------------------------------------------------------

      Code (inc. data)   RO Data    RW Data    ZI Data      Debug   Library Member Name

       122          0          0          0          0          0   cortexm3_macro.o
       356         14          0          0          0          0   stm32f10x_adc.o
       302         14          0          0          0          0   stm32f10x_dma.o
       180         16          0          0          0          0   stm32f10x_exti.o
        48         12          0          0          0          0   stm32f10x_flash.o
       280         12          0          0          0          0   stm32f10x_gpio.o
       156         18          0          0          0          0   stm32f10x_nvic.o
        44         10          0          0          0          0   stm32f10x_pwr.o
       640        124         20          8          0          0   stm32f10x_rcc.o
       174          4          0          0          0          0   stm32f10x_spi.o
       178          6          0          0          0          0   stm32f10x_usart.o
        92          0          0          0          0          0   __dczerorl2.o
         0          0          0          0          0          0   entry.o
         8          4          0          0          0          0   entry2.o
         4          0          0          0          0          0   entry5.o
         8          4          0          0          0          0   entry7.o
        30          0          0          0          0          0   handlers.o
        36          8          0          0          0          0   init.o
        36          0          0          0          0          0   memcpya.o
       372         16          0          0          0          0   printf1.o
         0          0          0          4          0          0   stdout.o
        44          0          0          0          0          0   uidiv.o

    ----------------------------------------------------------------------
      3124        262         20         12          0          0   Library Totals
        14          0          0          0          0          0   (incl. Padding)

    ----------------------------------------------------------------------

      Code (inc. data)   RO Data    RW Data    ZI Data      Debug   Library Name

      2480        230         20          8          0     108023   STM32F10xR.LIB
       630         32          0          4          0        396   mc_w.l

    ----------------------------------------------------------------------
      3124        262         20         12          0          0   Library Totals

    ----------------------------------------------------------------------

==============================================================================


      Code (inc. data)   RO Data    RW Data    ZI Data      Debug   

      9996       1164        564        308       1948     240316   Grand Totals
      9996       1164        564        124       1948     240316   ELF Image Totals (compressed)
      9996       1164        564        124          0          0   ROM Totals

==============================================================================

    Total RO  Size (Code + RO Data)                10560 (  10.31kB)
    Total RW  Size (RW Data + ZI Data)              2256 (   2.20kB)
    Total ROM Size (Code + RO Data + RW Data)      10684 (  10.43kB)

==============================================================================

